2020-02-14T07:15:14+00:00 juju cloud-init[1231]: Running command ['udevadm', 'settle'] with allowed return codes [0] (capture=False)
2020-02-14T07:15:14+00:00 juju cloud-init[1231]: TIMED udevadm_settle(): 0.049
2020-02-14T07:15:14+00:00 juju cloud-init[1231]: devsync happy - path /dev/sda now exists
2020-02-14T07:15:14+00:00 juju cloud-init[1231]: return volume path /dev/sda
2020-02-14T07:15:14+00:00 juju cloud-init[1231]: install_devices: ['/dev/sda']
2020-02-14T07:15:14+00:00 juju cloud-init[1231]: installing grub to ['/dev/sda'] [replace_default=True]
2020-02-14T07:15:14+00:00 juju cloud-init[1231]: Running command ['mount', '--bind', '/dev', '/tmp/tmp3wmuwcat/target/dev'] with allowed return codes [0] (capture=False)
2020-02-14T07:15:14+00:00 juju cloud-init[1231]: Running command ['mount', '--bind', '/proc', '/tmp/tmp3wmuwcat/target/proc'] with allowed return codes [0] (capture=False)
2020-02-14T07:15:14+00:00 juju cloud-init[1231]: Running command ['mount', '--bind', '/sys', '/tmp/tmp3wmuwcat/target/sys'] with allowed return codes [0] (capture=False)
2020-02-14T07:15:14+00:00 juju cloud-init[1231]: Running command ['sh', '-c', 'exec "$0" "$@" 2>&1', 'install-grub', '--os-family=debian', '/tmp/tmp3wmuwcat/target', '/dev/sda'] with allowed return codes [0] (capture=True)
2020-02-14T08:33:29+00:00 juju systemd-modules-load[463]: Inserted module 'iscsi_tcp'
2020-02-14T08:33:29+00:00 juju systemd[1]: Starting Flush Journal to Persistent Storage...
2020-02-14T08:33:29+00:00 juju systemd-modules-load[463]: Inserted module 'ib_iser'
2020-02-14T08:33:29+00:00 juju keyboard-setup.sh[465]: cannot open file /run/tmpkbd.jRTTQ8
2020-02-14T08:33:29+00:00 juju systemd[1]: Started Load Kernel Modules.
2020-02-14T08:33:29+00:00 juju systemd[1]: Starting Apply Kernel Variables...
2020-02-14T08:33:29+00:00 juju systemd[1]: Mounting FUSE Control File System...
2020-02-14T08:33:29+00:00 juju systemd[1]: Mounting Kernel Configuration File System...
2020-02-14T08:33:29+00:00 juju systemd[1]: Mounted FUSE Control File System.
2020-02-14T08:33:29+00:00 juju systemd[1]: Started udev Coldplug all Devices.
2020-02-14T08:33:29+00:00 juju systemd[1]: Mounted Kernel Configuration File System.
2020-02-14T08:33:29+00:00 juju systemd[1]: Started Flush Journal to Persistent Storage.
2020-02-14T08:33:29+00:00 juju systemd[1]: Started Create Static Device Nodes in /dev.
2020-02-14T08:33:29+00:00 juju systemd[1]: Starting udev Kernel Device Manager...
2020-02-14T08:33:29+00:00 juju systemd[1]: Started LVM2 metadata daemon.
2020-02-14T08:33:29+00:00 juju systemd-sysctl[481]: Couldn't write 'fq_codel' to 'net/core/default_qdisc', ignoring: No such file or directory
2020-02-14T08:33:29+00:00 juju systemd[1]: Started Apply Kernel Variables.
2020-02-14T08:33:29+00:00 juju systemd[1]: Started Monitoring of LVM2 mirrors, snapshots etc. using dmeventd or progress polling.
2020-02-14T08:33:29+00:00 juju systemd[1]: Started udev Kernel Device Manager.
2020-02-14T08:33:29+00:00 juju systemd-udevd[501]: link_config: autonegotiation is unset or enabled, the speed and duplex are not writable.
2020-02-14T08:33:29+00:00 juju systemd-udevd[515]: link_config: autonegotiation is unset or enabled, the speed and duplex are not writable.
2020-02-14T08:33:29+00:00 juju systemd[1]: Listening on Load/Save RF Kill Switch Status /dev/rfkill Watch.
2020-02-14T08:33:29+00:00 juju systemd[1]: Started Set the console keyboard layout.
2020-02-14T08:33:29+00:00 juju systemd[1]: Reached target Local File Systems (Pre).
2020-02-14T08:33:29+00:00 juju systemd[1]: Reached target Local File Systems.
2020-02-14T08:33:29+00:00 juju systemd[1]: Starting Set console font and keymap...
2020-02-14T08:33:29+00:00 juju systemd[1]: Starting Create Volatile Files and Directories...
2020-02-14T08:33:29+00:00 juju systemd[1]: Starting Tell Plymouth To Write Out Runtime Data...
2020-02-14T08:33:29+00:00 juju systemd[1]: Starting Commit a transient machine-id on disk...
2020-02-14T08:33:29+00:00 juju systemd[1]: Starting ebtables ruleset management...
2020-02-14T08:33:29+00:00 juju systemd[1]: Started Dispatch Password Requests to Console Directory Watch.
2020-02-14T08:33:29+00:00 juju systemd[1]: Reached target Local Encrypted Volumes.
2020-02-14T08:33:29+00:00 juju systemd[1]: Started Set console font and keymap.
2020-02-14T08:33:29+00:00 juju systemd[1]: Started Tell Plymouth To Write Out Runtime Data.
2020-02-14T08:33:29+00:00 juju systemd[1]: Started Create Volatile Files and Directories.
2020-02-14T08:33:29+00:00 juju systemd[1]: Starting Network Time Synchronization...
2020-02-14T08:33:29+00:00 juju systemd[1]: Starting Update UTMP about System Boot/Shutdown...
2020-02-14T08:33:29+00:00 juju systemd[1]: Starting Initial cloud-init job (pre-networking)...
2020-02-14T08:33:29+00:00 juju systemd[1]: Started Update UTMP about System Boot/Shutdown.
2020-02-14T08:33:29+00:00 juju systemd[1]: Started Commit a transient machine-id on disk.
2020-02-14T08:33:29+00:00 juju systemd[1]: Started ebtables ruleset management.
2020-02-14T08:33:29+00:00 juju systemd[1]: Started Network Time Synchronization.
2020-02-14T08:33:29+00:00 juju systemd[1]: Reached target System Time Synchronized.
2020-02-14T08:33:29+00:00 juju cloud-init[603]: Cloud-init v. 19.4-33-gbb4131a2-0ubuntu1~18.04.1 running 'init-local' at Fri, 14 Feb 2020 08:33:25 +0000. Up 22.60 seconds.
2020-02-14T08:33:29+00:00 juju systemd[1]: Started Initial cloud-init job (pre-networking).
2020-02-14T08:33:29+00:00 juju systemd[1]: Reached target Network (Pre).
2020-02-14T08:33:29+00:00 juju systemd[1]: Starting Network Service...
2020-02-14T08:33:29+00:00 juju systemd-networkd[696]: ens3: Gained IPv6LL
2020-02-14T08:33:29+00:00 juju systemd-networkd[696]: Enumeration completed
2020-02-14T08:33:29+00:00 juju systemd[1]: Started Network Service.
2020-02-14T08:33:29+00:00 juju systemd-networkd[696]: lo: Link is not managed by us
2020-02-14T08:33:29+00:00 juju systemd-timesyncd[600]: Network configuration changed, trying to establish connection.
2020-02-14T08:33:29+00:00 juju systemd[1]: Starting Wait for Network to be Configured...
2020-02-14T08:33:29+00:00 juju systemd[1]: Starting Network Name Resolution...
2020-02-14T08:33:29+00:00 juju systemd-timesyncd[600]: Network configuration changed, trying to establish connection.
2020-02-14T08:33:29+00:00 juju systemd-timesyncd[600]: message repeated 2 times: [ Network configuration changed, trying to establish connection.]
2020-02-14T08:33:29+00:00 juju systemd-networkd[696]: ens3: DHCPv4 address 192.168.11.52/24 via 192.168.11.2
2020-02-14T08:33:29+00:00 juju systemd-timesyncd[600]: Network configuration changed, trying to establish connection.
2020-02-14T08:33:29+00:00 juju systemd-networkd[696]: ens3: Configured
2020-02-14T08:33:29+00:00 juju systemd-timesyncd[600]: Network configuration changed, trying to establish connection.
2020-02-14T08:33:29+00:00 juju systemd-networkd-wait-online[723 managing: ens3
2020-02-14T08:33:29+00:00 juju systemd-networkd-wait-online[723 ignoring: lo
2020-02-14T08:33:29+00:00 juju systemd[1]: Started Wait for Network to be Configured.
2020-02-14T08:33:29+00:00 juju systemd[1]: Starting Initial cloud-init job (metadata service crawler)...
2020-02-14T08:33:29+00:00 juju systemd-resolved[728]: Positive Trust Anchors:
2020-02-14T08:33:29+00:00 juju systemd-resolved[728]: . IN DS 19036 8 2 49aac11d7b6f6446702e54a1607371607a1a41855200fd2ce1cdde32f24e8fb5
2020-02-14T08:33:29+00:00 juju systemd-resolved[728]: . IN DS 20326 8 2 e06d44b80b8f1d39a95c0b0d7c65d08458e880409bbc683457104237c7f8ec8d
2020-02-14T08:33:29+00:00 juju systemd-resolved[728]: Negative trust anchors: 10.in-addr.arpa 16.172.in-addr.arpa 17.172.in-addr.arpa 18.172.in-addr.arpa 19.172.in-addr.arpa 20.172.in-addr.arpa 21.172.in-addr.arpa 22.172.in-addr.arpa 23.172.in-addr.arpa 24.172.in-addr.arpa 25.172.in-addr.arpa 26.172.in-addr.arpa 27.172.in-addr.arpa 28.172.in-addr.arpa 29.172.in-addr.arpa 30.172.in-addr.arpa 31.172.in-addr.arpa 168.192.in-addr.arpa d.f.ip6.arpa corp home internal intranet lan local private test
2020-02-14T08:33:29+00:00 juju systemd-resolved[728]: Using system hostname 'ubuntu'.
2020-02-14T08:33:29+00:00 juju systemd[1]: Started Network Name Resolution.
2020-02-14T08:33:29+00:00 juju systemd[1]: Reached target Network.
2020-02-14T08:33:29+00:00 juju systemd[1]: Reached target Host and Network Name Lookups.
2020-02-14T08:33:29+00:00 juju systemd-resolved[728]: System hostname changed to 'juju'.
2020-02-14T08:33:29+00:00 juju cloud-init[741]: Cloud-init v. 19.4-33-gbb4131a2-0ubuntu1~18.04.1 running 'init' at Fri, 14 Feb 2020 08:33:26 +0000. Up 24.15 seconds.
2020-02-14T08:33:29+00:00 juju cloud-init[741]: ci-info: ++++++++++++++++++++++++++++++++++++++Net device info++++++++++++++++++++++++++++++++++++++
2020-02-14T08:33:29+00:00 juju cloud-init[741]: ci-info: +--------+------+----------------------------+---------------+--------+-------------------+
2020-02-14T08:33:29+00:00 juju cloud-init[741]: ci-info: | Device |  Up  |          Address           |      Mask     | Scope  |     Hw-Address    |
2020-02-14T08:33:29+00:00 juju cloud-init[741]: ci-info: +--------+------+----------------------------+---------------+--------+-------------------+
2020-02-14T08:33:29+00:00 juju cloud-init[741]: ci-info: |  ens3  | True |       192.168.11.52        | 255.255.255.0 | global | 52:54:00:d5:6a:0f |
2020-02-14T08:33:29+00:00 juju cloud-init[741]: ci-info: |  ens3  | True | fe80::5054:ff:fed5:6a0f/64 |       .       |  link  | 52:54:00:d5:6a:0f |
2020-02-14T08:33:29+00:00 juju cloud-init[741]: ci-info: |   lo   | True |         127.0.0.1          |   255.0.0.0   |  host  |         .         |
2020-02-14T08:33:29+00:00 juju cloud-init[741]: ci-info: |   lo   | True |          ::1/128           |       .       |  host  |         .         |
2020-02-14T08:33:29+00:00 juju cloud-init[741]: ci-info: +--------+------+----------------------------+---------------+--------+-------------------+
2020-02-14T08:33:29+00:00 juju cloud-init[741]: ci-info: +++++++++++++++++++++++++++++++Route IPv4 info+++++++++++++++++++++++++++++++
2020-02-14T08:33:29+00:00 juju cloud-init[741]: ci-info: +-------+--------------+--------------+-----------------+-----------+-------+
2020-02-14T08:33:29+00:00 juju cloud-init[741]: ci-info: | Route | Destination  |   Gateway    |     Genmask     | Interface | Flags |
2020-02-14T08:33:29+00:00 juju cloud-init[741]: ci-info: +-------+--------------+--------------+-----------------+-----------+-------+
2020-02-14T08:33:29+00:00 juju cloud-init[741]: ci-info: |   0   |   0.0.0.0    | 192.168.11.2 |     0.0.0.0     |    ens3   |   UG  |
2020-02-14T08:33:29+00:00 juju cloud-init[741]: ci-info: |   1   |   0.0.0.0    | 192.168.11.2 |     0.0.0.0     |    ens3   |   UG  |
2020-02-14T08:33:29+00:00 juju cloud-init[741]: ci-info: |   2   | 192.168.11.0 |   0.0.0.0    |  255.255.255.0  |    ens3   |   U   |
2020-02-14T08:33:29+00:00 juju cloud-init[741]: ci-info: |   3   | 192.168.11.2 |   0.0.0.0    | 255.255.255.255 |    ens3   |   UH  |
2020-02-14T08:33:29+00:00 juju cloud-init[741]: ci-info: +-------+--------------+--------------+-----------------+-----------+-------+
2020-02-14T08:33:29+00:00 juju cloud-init[741]: ci-info: +++++++++++++++++++Route IPv6 info+++++++++++++++++++
2020-02-14T08:33:29+00:00 juju cloud-init[741]: ci-info: +-------+-------------+---------+-----------+-------+
2020-02-14T08:33:29+00:00 juju cloud-init[741]: ci-info: | Route | Destination | Gateway | Interface | Flags |
2020-02-14T08:33:29+00:00 juju cloud-init[741]: ci-info: +-------+-------------+---------+-----------+-------+
2020-02-14T08:33:29+00:00 juju cloud-init[741]: ci-info: |   1   |  fe80::/64  |    ::   |    ens3   |   U   |
2020-02-14T08:33:29+00:00 juju cloud-init[741]: ci-info: |   3   |    local    |    ::   |    ens3   |   U   |
2020-02-14T08:33:29+00:00 juju cloud-init[741]: ci-info: |   4   |   ff00::/8  |    ::   |    ens3   |   U   |
2020-02-14T08:33:29+00:00 juju cloud-init[741]: ci-info: +-------+-------------+---------+-----------+-------+
2020-02-14T08:33:29+00:00 juju useradd[817]: new group: name=ubuntu, GID=1000
2020-02-14T08:33:29+00:00 juju useradd[817]: new user: name=ubuntu, UID=1000, GID=1000, home=/home/ubuntu, shell=/bin/bash
2020-02-14T08:33:29+00:00 juju useradd[817]: add 'ubuntu' to group 'adm'
2020-02-14T08:33:29+00:00 juju useradd[817]: add 'ubuntu' to group 'dialout'
2020-02-14T08:33:29+00:00 juju useradd[817]: add 'ubuntu' to group 'cdrom'
2020-02-14T08:33:29+00:00 juju useradd[817]: add 'ubuntu' to group 'floppy'
2020-02-14T08:33:29+00:00 juju useradd[817]: add 'ubuntu' to group 'sudo'
2020-02-14T08:33:29+00:00 juju useradd[817]: add 'ubuntu' to group 'audio'
2020-02-14T08:33:29+00:00 juju useradd[817]: add 'ubuntu' to group 'dip'
2020-02-14T08:33:29+00:00 juju useradd[817]: add 'ubuntu' to group 'video'
2020-02-14T08:33:29+00:00 juju useradd[817]: add 'ubuntu' to group 'plugdev'
2020-02-14T08:33:29+00:00 juju useradd[817]: add 'ubuntu' to group 'lxd'
2020-02-14T08:33:29+00:00 juju useradd[817]: add 'ubuntu' to group 'netdev'
2020-02-14T08:33:29+00:00 juju useradd[817]: add 'ubuntu' to shadow group 'adm'
2020-02-14T08:33:29+00:00 juju useradd[817]: add 'ubuntu' to shadow group 'dialout'
2020-02-14T08:33:29+00:00 juju useradd[817]: add 'ubuntu' to shadow group 'cdrom'
2020-02-14T08:33:29+00:00 juju useradd[817]: add 'ubuntu' to shadow group 'floppy'
2020-02-14T08:33:29+00:00 juju useradd[817]: add 'ubuntu' to shadow group 'sudo'
2020-02-14T08:33:29+00:00 juju useradd[817]: add 'ubuntu' to shadow group 'audio'
2020-02-14T08:33:29+00:00 juju useradd[817]: add 'ubuntu' to shadow group 'dip'
2020-02-14T08:33:29+00:00 juju useradd[817]: add 'ubuntu' to shadow group 'video'
2020-02-14T08:33:29+00:00 juju useradd[817]: add 'ubuntu' to shadow group 'plugdev'
2020-02-14T08:33:29+00:00 juju useradd[817]: add 'ubuntu' to shadow group 'lxd'
2020-02-14T08:33:29+00:00 juju useradd[817]: add 'ubuntu' to shadow group 'netdev'
2020-02-14T08:33:29+00:00 juju passwd[823]: password for 'ubuntu' changed by 'root'
2020-02-14T08:33:29+00:00 juju cloud-init[741]: Generating public/private rsa key pair.
2020-02-14T08:33:29+00:00 juju cloud-init[741]: Your identification has been saved in /etc/ssh/ssh_host_rsa_key.
2020-02-14T08:33:29+00:00 juju cloud-init[741]: Your public key has been saved in /etc/ssh/ssh_host_rsa_key.pub.
2020-02-14T08:33:29+00:00 juju cloud-init[741]: The key fingerprint is:
2020-02-14T08:33:29+00:00 juju cloud-init[741]: SHA256:LnfmaVjLLS9tLS8531GBIYxr1FhQ1jbX44rO6+kqZ9Y root@juju
2020-02-14T08:33:29+00:00 juju cloud-init[741]: The key's randomart image is:
2020-02-14T08:33:29+00:00 juju cloud-init[741]: +---[RSA 2048]----+
2020-02-14T08:33:29+00:00 juju cloud-init[741]: |         .O=..  .|
2020-02-14T08:33:29+00:00 juju cloud-init[741]: |         +.o.+oo.|
2020-02-14T08:33:29+00:00 juju cloud-init[741]: |        . . ..+..|
2020-02-14T08:33:29+00:00 juju cloud-init[741]: |         o     ..|
2020-02-14T08:33:29+00:00 juju cloud-init[741]: |        S   . . .|
2020-02-14T08:33:29+00:00 juju cloud-init[741]: |       .  .. .  .|
2020-02-14T08:33:29+00:00 juju cloud-init[741]: |      . o+*+ o . |
2020-02-14T08:33:29+00:00 juju cloud-init[741]: |       +.B*EX ...|
2020-02-14T08:33:29+00:00 juju cloud-init[741]: |        =o*Xo*o .|
2020-02-14T08:33:29+00:00 juju cloud-init[741]: +----[SHA256]-----+
2020-02-14T08:33:29+00:00 juju cloud-init[741]: Generating public/private dsa key pair.
2020-02-14T08:33:29+00:00 juju cloud-init[741]: Your identification has been saved in /etc/ssh/ssh_host_dsa_key.
2020-02-14T08:33:29+00:00 juju cloud-init[741]: Your public key has been saved in /etc/ssh/ssh_host_dsa_key.pub.
2020-02-14T08:33:29+00:00 juju cloud-init[741]: The key fingerprint is:
2020-02-14T08:33:29+00:00 juju cloud-init[741]: SHA256:BFIiADTtqxZLobZDYM/jvd6f8iAedpA7khfmGtuurK0 root@juju
2020-02-14T08:33:29+00:00 juju cloud-init[741]: The key's randomart image is:
2020-02-14T08:33:29+00:00 juju cloud-init[741]: +---[DSA 1024]----+
2020-02-14T08:33:29+00:00 juju cloud-init[741]: |=+o o.o          |
2020-02-14T08:33:29+00:00 juju cloud-init[741]: |  .o o .         |
2020-02-14T08:33:29+00:00 juju cloud-init[741]: |  .     .        |
2020-02-14T08:33:29+00:00 juju cloud-init[741]: |.o .  ..         |
2020-02-14T08:33:29+00:00 juju cloud-init[741]: |+ + .=  S        |
2020-02-14T08:33:29+00:00 juju cloud-init[741]: |.= =+ +          |
2020-02-14T08:33:29+00:00 juju cloud-init[741]: |+ *+oO o         |
2020-02-14T08:33:29+00:00 juju cloud-init[741]: | *o.X.*.. .      |
2020-02-14T08:33:29+00:00 juju cloud-init[741]: |.E+*+*..++       |
2020-02-14T08:33:29+00:00 juju cloud-init[741]: +----[SHA256]-----+
2020-02-14T08:33:29+00:00 juju cloud-init[741]: Generating public/private ecdsa key pair.
2020-02-14T08:33:29+00:00 juju cloud-init[741]: Your identification has been saved in /etc/ssh/ssh_host_ecdsa_key.
2020-02-14T08:33:29+00:00 juju cloud-init[741]: Your public key has been saved in /etc/ssh/ssh_host_ecdsa_key.pub.
2020-02-14T08:33:29+00:00 juju cloud-init[741]: The key fingerprint is:
2020-02-14T08:33:29+00:00 juju cloud-init[741]: SHA256:O2cFC8mEPUY4plVzYV7TGMguBEJTAVtlxl3wWVx0Ctw root@juju
2020-02-14T08:33:29+00:00 juju cloud-init[741]: The key's randomart image is:
2020-02-14T08:33:29+00:00 juju cloud-init[741]: +---[ECDSA 256]---+
2020-02-14T08:33:29+00:00 juju cloud-init[741]: |   .=o=@Oo=***.o+|
2020-02-14T08:33:29+00:00 juju cloud-init[741]: |     =*=**+oo=E..|
2020-02-14T08:33:29+00:00 juju cloud-init[741]: |    .+ ++oo o .  |
2020-02-14T08:33:29+00:00 juju cloud-init[741]: |    .   ...o     |
2020-02-14T08:33:29+00:00 juju cloud-init[741]: |        S.. .    |
2020-02-14T08:33:29+00:00 juju cloud-init[741]: |         . .     |
2020-02-14T08:33:29+00:00 juju cloud-init[741]: |        o o      |
2020-02-14T08:33:29+00:00 juju cloud-init[741]: |         +       |
2020-02-14T08:33:29+00:00 juju cloud-init[741]: |                 |
2020-02-14T08:33:29+00:00 juju cloud-init[741]: +----[SHA256]-----+
2020-02-14T08:33:29+00:00 juju cloud-init[741]: Generating public/private ed25519 key pair.
2020-02-14T08:33:29+00:00 juju cloud-init[741]: Your identification has been saved in /etc/ssh/ssh_host_ed25519_key.
2020-02-14T08:33:29+00:00 juju cloud-init[741]: Your public key has been saved in /etc/ssh/ssh_host_ed25519_key.pub.
2020-02-14T08:33:29+00:00 juju cloud-init[741]: The key fingerprint is:
2020-02-14T08:33:29+00:00 juju cloud-init[741]: SHA256:CSJKftP0N2zJ8MnWTbr+mUqICPw4vqBRVDNwb40y0Qo root@juju
2020-02-14T08:33:29+00:00 juju cloud-init[741]: The key's randomart image is:
2020-02-14T08:33:29+00:00 juju cloud-init[741]: +--[ED25519 256]--+
2020-02-14T08:33:29+00:00 juju cloud-init[741]: |  ..*.           |
2020-02-14T08:33:29+00:00 juju cloud-init[741]: |  Eo =.o         |
2020-02-14T08:33:29+00:00 juju cloud-init[741]: | .o.+o=..    .   |
2020-02-14T08:33:29+00:00 juju cloud-init[741]: |oo..+=..*.+ +    |
2020-02-14T08:33:29+00:00 juju cloud-init[741]: |...= . .S% o .   |
2020-02-14T08:33:29+00:00 juju cloud-init[741]: | .. = . = o .    |
2020-02-14T08:33:29+00:00 juju cloud-init[741]: |.. o o . . o     |
2020-02-14T08:33:29+00:00 juju cloud-init[741]: |..o .     o   o  |
2020-02-14T08:33:29+00:00 juju cloud-init[741]: |.  o.      oo+   |
2020-02-14T08:33:29+00:00 juju cloud-init[741]: +----[SHA256]-----+
2020-02-14T08:33:29+00:00 juju systemd[1]: Started Initial cloud-init job (metadata service crawler).
2020-02-14T08:33:29+00:00 juju systemd[1]: Reached target Cloud-config availability.
2020-02-14T08:33:29+00:00 juju systemd[1]: Reached target Network is Online.
2020-02-14T08:33:29+00:00 juju systemd[1]: Starting Availability of block devices...
2020-02-14T08:33:29+00:00 juju systemd[1]: Reached target Remote File Systems (Pre).
2020-02-14T08:33:29+00:00 juju systemd[1]: Reached target Remote File Systems.
2020-02-14T08:33:29+00:00 juju systemd[1]: Reached target System Initialization.
2020-02-14T08:33:29+00:00 juju systemd[1]: Listening on Open-iSCSI iscsid Socket.
2020-02-14T08:33:29+00:00 juju systemd[1]: Started Message of the Day.
2020-02-14T08:33:29+00:00 juju systemd[1]: Listening on UUID daemon activation socket.
2020-02-14T08:33:29+00:00 juju systemd[1]: Started Daily Cleanup of Temporary Directories.
2020-02-14T08:33:29+00:00 juju systemd[1]: Listening on D-Bus System Message Bus Socket.
2020-02-14T08:33:29+00:00 juju systemd[1]: Starting Socket activation for snappy daemon.
2020-02-14T08:33:29+00:00 juju systemd[1]: Started ACPI Events Check.
2020-02-14T08:33:29+00:00 juju systemd[1]: Reached target Paths.
2020-02-14T08:33:29+00:00 juju systemd[1]: Starting LXD - unix socket.
2020-02-14T08:33:29+00:00 juju systemd[1]: Listening on ACPID Listen Socket.
2020-02-14T08:33:29+00:00 juju systemd[1]: Started Discard unused blocks once a week.
2020-02-14T08:33:29+00:00 juju systemd[1]: Started Daily apt download activities.
2020-02-14T08:33:29+00:00 juju systemd[1]: Started Daily apt upgrade and clean activities.
2020-02-14T08:33:29+00:00 juju systemd[1]: Reached target Timers.
2020-02-14T08:33:29+00:00 juju systemd[1]: Started Availability of block devices.
2020-02-14T08:33:29+00:00 juju systemd[1]: Listening on Socket activation for snappy daemon.
2020-02-14T08:33:29+00:00 juju systemd[1]: Listening on LXD - unix socket.
2020-02-14T08:33:29+00:00 juju systemd[1]: Reached target Sockets.
2020-02-14T08:33:29+00:00 juju systemd[1]: Reached target Basic System.
2020-02-14T08:33:29+00:00 juju systemd[1]: Started D-Bus System Message Bus.
2020-02-14T08:33:29+00:00 juju systemd[1]: Starting Accounts Service...
2020-02-14T08:33:29+00:00 juju systemd[1]: Starting LXD - container startup/shutdown...
2020-02-14T08:33:29+00:00 juju systemd[1]: Started Regular background program processing daemon.
2020-02-14T08:33:29+00:00 juju systemd[1]: Started irqbalance daemon.
2020-02-14T08:33:29+00:00 juju cron[885]: (CRON) INFO (pidfile fd = 3)
2020-02-14T08:33:29+00:00 juju systemd[1]: Starting LSB: automatic crash report generation...
2020-02-14T08:33:29+00:00 juju systemd[1]: Started FUSE filesystem for LXC.
2020-02-14T08:33:29+00:00 juju systemd[1]: Starting System Logging Service...
2020-02-14T08:33:29+00:00 juju systemd[1]: Starting Permit User Sessions...
2020-02-14T08:33:29+00:00 juju systemd[1]: Starting Pollinate to seed the pseudo random number generator...
2020-02-14T08:33:29+00:00 juju systemd[1]: Starting Login Service...
2020-02-14T08:33:29+00:00 juju systemd[1]: Started Deferred execution scheduler.
2020-02-14T08:33:29+00:00 juju systemd[1]: Starting Dispatcher daemon for systemd-networkd...
2020-02-14T08:33:29+00:00 juju systemd[1]: Starting Snappy daemon...
2020-02-14T08:33:29+00:00 juju systemd[1]: Started Permit User Sessions.
2020-02-14T08:33:29+00:00 juju systemd[1]: Starting Terminate Plymouth Boot Screen...
2020-02-14T08:33:29+00:00 juju systemd[1]: Starting Hold until boot process finishes up...
2020-02-14T08:33:29+00:00 juju systemd[1]: Started Hold until boot process finishes up.
2020-02-14T08:33:29+00:00 juju systemd[1]: Starting Set console scheme...
2020-02-14T08:33:29+00:00 juju systemd[1]: Started Terminate Plymouth Boot Screen.
2020-02-14T08:33:29+00:00 juju cron[885]: (CRON) INFO (Running @reboot jobs)
2020-02-14T08:33:29+00:00 juju apport[893]:  * Starting automatic crash report generation: apport
2020-02-14T08:33:29+00:00 juju systemd[1]: Started Set console scheme.
2020-02-14T08:33:29+00:00 juju systemd[1]: Created slice system-getty.slice.
2020-02-14T08:33:29+00:00 juju systemd[1]: Started Getty on tty1.
2020-02-14T08:33:29+00:00 juju systemd[1]: Reached target Login Prompts.
2020-02-14T08:33:29+00:00 juju systemd-logind[905]: Watching system buttons on /dev/input/event0 (Power Button)
2020-02-14T08:33:29+00:00 juju systemd-logind[905]: Watching system buttons on /dev/input/event1 (AT Translated Set 2 keyboard)
2020-02-14T08:33:29+00:00 juju systemd-logind[905]: New seat seat0.
2020-02-14T08:33:29+00:00 juju systemd[1]: Started Login Service.
2020-02-14T08:33:29+00:00 juju systemd[1]: Started Unattended Upgrades Shutdown.
2020-02-14T08:33:29+00:00 juju apport[893]:    ...done.
2020-02-14T08:33:29+00:00 juju systemd[1]: Started LSB: automatic crash report generation.
2020-02-14T08:33:29+00:00 juju lxcfs[894]: mount namespace: 5
2020-02-14T08:33:29+00:00 juju lxcfs[894]: hierarchies:
2020-02-14T08:33:29+00:00 juju lxcfs[894]:   0: fd:   6: pids
2020-02-14T08:33:29+00:00 juju lxcfs[894]:   1: fd:   7: memory
2020-02-14T08:33:29+00:00 juju lxcfs[894]:   2: fd:   8: cpuset
2020-02-14T08:33:29+00:00 juju lxcfs[894]:   3: fd:   9: devices
2020-02-14T08:33:29+00:00 juju lxcfs[894]:   4: fd:  10: hugetlb
2020-02-14T08:33:29+00:00 juju lxcfs[894]:   5: fd:  11: net_cls,net_prio
2020-02-14T08:33:29+00:00 juju lxcfs[894]:   6: fd:  12: freezer
2020-02-14T08:33:29+00:00 juju lxcfs[894]:   7: fd:  13: blkio
2020-02-14T08:33:29+00:00 juju lxcfs[894]:   8: fd:  14: perf_event
2020-02-14T08:33:29+00:00 juju lxcfs[894]:   9: fd:  15: cpu,cpuacct
2020-02-14T08:33:29+00:00 juju lxcfs[894]:  10: fd:  16: rdma
2020-02-14T08:33:29+00:00 juju lxcfs[894]:  11: fd:  17: name=systemd
2020-02-14T08:33:29+00:00 juju lxcfs[894]:  12: fd:  18: unified
2020-02-14T08:33:29+00:00 juju dbus-daemon[850]: [system] Activating via systemd: service name='org.freedesktop.PolicyKit1' unit='polkit.service' requested by ':1.4' (uid=0 pid=873 comm="/usr/lib/accountsservice/accounts-daemon ")
2020-02-14T08:33:29+00:00 juju rsyslogd: imuxsock: Acquired UNIX socket '/run/systemd/journal/syslog' (fd 3) from systemd.  [v8.32.0]
2020-02-14T08:33:29+00:00 juju rsyslogd: rsyslogd's groupid changed to 106
2020-02-14T08:33:29+00:00 juju rsyslogd: rsyslogd's userid changed to 102
2020-02-14T08:33:29+00:00 juju rsyslogd:  [origin software="rsyslogd" swVersion="8.32.0" x-pid="895" x-info="http://www.rsyslog.com"] start
2020-02-14T08:33:29+00:00 juju systemd[1]: Started System Logging Service.
2020-02-14T08:33:29+00:00 juju kernel: [    0.000000] Linux version 4.15.0-76-generic (buildd@lcy01-amd64-029) (gcc version 7.4.0 (Ubuntu 7.4.0-1ubuntu1~18.04.1)) #86-Ubuntu SMP Fri Jan 17 17:24:28 UTC 2020 (Ubuntu 4.15.0-76.86-generic 4.15.18)
2020-02-14T08:33:29+00:00 juju kernel: [    0.000000] Command line: nomodeset ro root=squash:http://192.168.11.2:5248/images/ubuntu/amd64/ga-18.04/bionic/daily/squashfs ip=::::juju:BOOTIF ip6=off overlayroot=tmpfs overlayroot_cfgdisk=disabled cc:{'datasource_list': ['MAAS']}end_cc cloud-config-url=http://192-168-11-0--24.maas-internal:5248/MAAS/metadata/latest/by-id/tehqa4/?op=get_preseed apparmor=0 log_host=192.168.11.2 log_port=5247 BOOTIF=01-52:54:00:d5:6a:0f
2020-02-14T08:33:29+00:00 juju kernel: [    0.000000] KERNEL supported cpus:
2020-02-14T08:33:29+00:00 juju kernel: [    0.000000]   Intel GenuineIntel
2020-02-14T08:33:29+00:00 juju kernel: [    0.000000]   AMD AuthenticAMD
2020-02-14T08:33:29+00:00 juju kernel: [    0.000000]   Centaur CentaurHauls
2020-02-14T08:33:29+00:00 juju kernel: [    0.000000] x86/fpu: Supporting XSAVE feature 0x001: 'x87 floating point registers'
2020-02-14T08:33:29+00:00 juju kernel: [    0.000000] x86/fpu: Supporting XSAVE feature 0x002: 'SSE registers'
2020-02-14T08:33:29+00:00 juju kernel: [    0.000000] x86/fpu: Supporting XSAVE feature 0x004: 'AVX registers'
2020-02-14T08:33:29+00:00 juju kernel: [    0.000000] x86/fpu: xstate_offset[2]:  576, xstate_sizes[2]:  256
2020-02-14T08:33:29+00:00 juju kernel: [    0.000000] x86/fpu: Enabled xstate features 0x7, context size is 832 bytes, using 'standard' format.
2020-02-14T08:33:29+00:00 juju kernel: [    0.000000] e820: BIOS-provided physical RAM map:
2020-02-14T08:33:29+00:00 juju kernel: [    0.000000] BIOS-e820: [mem 0x0000000000000000-0x000000000009fbff] usable
2020-02-14T08:33:29+00:00 juju kernel: [    0.000000] BIOS-e820: [mem 0x000000000009fc00-0x000000000009ffff] reserved
2020-02-14T08:33:29+00:00 juju kernel: [    0.000000] BIOS-e820: [mem 0x00000000000f0000-0x00000000000fffff] reserved
2020-02-14T08:33:29+00:00 juju kernel: [    0.000000] BIOS-e820: [mem 0x0000000000100000-0x00000000bffdefff] usable
2020-02-14T08:33:29+00:00 juju kernel: [    0.000000] BIOS-e820: [mem 0x00000000bffdf000-0x00000000bfffffff] reserved
2020-02-14T08:33:29+00:00 juju kernel: [    0.000000] BIOS-e820: [mem 0x00000000feffc000-0x00000000feffffff] reserved
2020-02-14T08:33:29+00:00 juju kernel: [    0.000000] BIOS-e820: [mem 0x00000000fffc0000-0x00000000ffffffff] reserved
2020-02-14T08:33:29+00:00 juju kernel: [    0.000000] BIOS-e820: [mem 0x0000000100000000-0x000000043fffffff] usable
2020-02-14T08:33:29+00:00 juju kernel: [    0.000000] NX (Execute Disable) protection: active
2020-02-14T08:33:29+00:00 juju kernel: [    0.000000] SMBIOS 2.8 present.
2020-02-14T08:33:29+00:00 juju kernel: [    0.000000] DMI: QEMU Standard PC (i440FX + PIIX, 1996), BIOS 1.10.2-1ubuntu1 04/01/2014
2020-02-14T08:33:29+00:00 juju kernel: [    0.000000] Hypervisor detected: KVM
2020-02-14T08:33:29+00:00 juju kernel: [    0.000000] e820: update [mem 0x00000000-0x00000fff] usable ==> reserved
2020-02-14T08:33:29+00:00 juju kernel: [    0.000000] e820: remove [mem 0x000a0000-0x000fffff] usable
2020-02-14T08:33:29+00:00 juju kernel: [    0.000000] e820: last_pfn = 0x440000 max_arch_pfn = 0x400000000
2020-02-14T08:33:29+00:00 juju kernel: [    0.000000] MTRR default type: write-back
2020-02-14T08:33:29+00:00 juju kernel: [    0.000000] MTRR fixed ranges enabled:
2020-02-14T08:33:29+00:00 juju kernel: [    0.000000]   00000-9FFFF write-back
2020-02-14T08:33:29+00:00 juju kernel: [    0.000000]   A0000-BFFFF uncachable
2020-02-14T08:33:29+00:00 juju kernel: [    0.000000]   C0000-FFFFF write-protect
2020-02-14T08:33:29+00:00 juju kernel: [    0.000000] MTRR variable ranges enabled:
2020-02-14T08:33:29+00:00 juju kernel: [    0.000000]   0 base 00C0000000 mask FFC0000000 uncachable
2020-02-14T08:33:29+00:00 juju kernel: [    0.000000]   1 disabled
2020-02-14T08:33:29+00:00 juju kernel: [    0.000000]   2 disabled
2020-02-14T08:33:29+00:00 juju kernel: [    0.000000]   3 disabled
2020-02-14T08:33:29+00:00 juju kernel: [    0.000000]   4 disabled
2020-02-14T08:33:29+00:00 juju kernel: [    0.000000]   5 disabled
2020-02-14T08:33:29+00:00 juju kernel: [    0.000000]   6 disabled
2020-02-14T08:33:29+00:00 juju kernel: [    0.000000]   7 disabled
2020-02-14T08:33:29+00:00 juju kernel: [    0.000000] x86/PAT: Configuration [0-7]: WB  WC  UC- UC  WB  WP  UC- WT  
2020-02-14T08:33:29+00:00 juju kernel: [    0.000000] e820: last_pfn = 0xbffdf max_arch_pfn = 0x400000000
2020-02-14T08:33:29+00:00 juju kernel: [    0.000000] found SMP MP-table at [mem 0x000f6a20-0x000f6a2f]
2020-02-14T08:33:29+00:00 juju kernel: [    0.000000] Scanning 1 areas for low memory corruption
2020-02-14T08:33:29+00:00 juju kernel: [    0.000000] BRK [0x1cb38e000, 0x1cb38efff] PGTABLE
2020-02-14T08:33:29+00:00 juju kernel: [    0.000000] BRK [0x1cb38f000, 0x1cb38ffff] PGTABLE
2020-02-14T08:33:29+00:00 juju kernel: [    0.000000] BRK [0x1cb390000, 0x1cb390fff] PGTABLE
2020-02-14T08:33:29+00:00 juju kernel: [    0.000000] BRK [0x1cb391000, 0x1cb391fff] PGTABLE
2020-02-14T08:33:29+00:00 juju kernel: [    0.000000] BRK [0x1cb392000, 0x1cb392fff] PGTABLE
2020-02-14T08:33:29+00:00 juju kernel: [    0.000000] BRK [0x1cb393000, 0x1cb393fff] PGTABLE
2020-02-14T08:33:29+00:00 juju kernel: [    0.000000] BRK [0x1cb394000, 0x1cb394fff] PGTABLE
2020-02-14T08:33:29+00:00 juju kernel: [    0.000000] BRK [0x1cb395000, 0x1cb395fff] PGTABLE
2020-02-14T08:33:29+00:00 juju kernel: [    0.000000] RAMDISK: [mem 0x7c527000-0x7fffffff]
2020-02-14T08:33:29+00:00 juju kernel: [    0.000000] ACPI: Early table checksum verification disabled
2020-02-14T08:33:29+00:00 juju kernel: [    0.000000] ACPI: RSDP 0x00000000000F69D0 000014 (v00 BOCHS )
2020-02-14T08:33:29+00:00 juju kernel: [    0.000000] ACPI: RSDT 0x00000000BFFE13E7 00002C (v01 BOCHS  BXPCRSDT 00000001 BXPC 00000001)
2020-02-14T08:33:29+00:00 juju kernel: [    0.000000] ACPI: FACP 0x00000000BFFE1263 000074 (v01 BOCHS  BXPCFACP 00000001 BXPC 00000001)
2020-02-14T08:33:29+00:00 juju kernel: [    0.000000] ACPI: DSDT 0x00000000BFFDFDC0 0014A3 (v01 BOCHS  BXPCDSDT 00000001 BXPC 00000001)
2020-02-14T08:33:29+00:00 juju kernel: [    0.000000] ACPI: FACS 0x00000000BFFDFD80 000040
2020-02-14T08:33:29+00:00 juju kernel: [    0.000000] ACPI: APIC 0x00000000BFFE1357 000090 (v01 BOCHS  BXPCAPIC 00000001 BXPC 00000001)
2020-02-14T08:33:29+00:00 juju kernel: [    0.000000] ACPI: Local APIC address 0xfee00000
2020-02-14T08:33:29+00:00 juju kernel: [    0.000000] No NUMA configuration found
2020-02-14T08:33:29+00:00 juju kernel: [    0.000000] Faking a node at [mem 0x0000000000000000-0x000000043fffffff]
2020-02-14T08:33:29+00:00 juju kernel: [    0.000000] NODE_DATA(0) allocated [mem 0x43ffc9000-0x43fff3fff]
2020-02-14T08:33:29+00:00 juju kernel: [    0.000000] kvm-clock: cpu 0, msr 4:3ff48001, primary cpu clock
2020-02-14T08:33:29+00:00 juju kernel: [    0.000000] kvm-clock: Using msrs 4b564d01 and 4b564d00
2020-02-14T08:33:29+00:00 juju kernel: [    0.000000] kvm-clock: using sched offset of 22416753695 cycles
2020-02-14T08:33:29+00:00 juju kernel: [    0.000000] clocksource: kvm-clock: mask: 0xffffffffffffffff max_cycles: 0x1cd42e4dffb, max_idle_ns: 881590591483 ns
2020-02-14T08:33:29+00:00 juju kernel: [    0.000000] Zone ranges:
2020-02-14T08:33:29+00:00 juju kernel: [    0.000000]   DMA      [mem 0x0000000000001000-0x0000000000ffffff]
2020-02-14T08:33:29+00:00 juju kernel: [    0.000000]   DMA32    [mem 0x0000000001000000-0x00000000ffffffff]
2020-02-14T08:33:29+00:00 juju kernel: [    0.000000]   Normal   [mem 0x0000000100000000-0x000000043fffffff]
2020-02-14T08:33:29+00:00 juju kernel: [    0.000000]   Device   empty
2020-02-14T08:33:29+00:00 juju kernel: [    0.000000] Movable zone start for each node
2020-02-14T08:33:29+00:00 juju kernel: [    0.000000] Early memory node ranges
2020-02-14T08:33:29+00:00 juju kernel: [    0.000000]   node   0: [mem 0x0000000000001000-0x000000000009efff]
2020-02-14T08:33:29+00:00 juju kernel: [    0.000000]   node   0: [mem 0x0000000000100000-0x00000000bffdefff]
2020-02-14T08:33:29+00:00 juju kernel: [    0.000000]   node   0: [mem 0x0000000100000000-0x000000043fffffff]
2020-02-14T08:33:29+00:00 juju kernel: [    0.000000] Reserved but unavailable: 98 pages
2020-02-14T08:33:29+00:00 juju kernel: [    0.000000] Initmem setup node 0 [mem 0x0000000000001000-0x000000043fffffff]
2020-02-14T08:33:29+00:00 juju kernel: [    0.000000] On node 0 totalpages: 4194173
2020-02-14T08:33:29+00:00 juju kernel: [    0.000000]   DMA zone: 64 pages used for memmap
2020-02-14T08:33:29+00:00 juju kernel: [    0.000000]   DMA zone: 24 pages reserved
2020-02-14T08:33:29+00:00 juju kernel: [    0.000000]   DMA zone: 3998 pages, LIFO batch:0
2020-02-14T08:33:29+00:00 juju kernel: [    0.000000]   DMA32 zone: 12224 pages used for memmap
2020-02-14T08:33:29+00:00 juju kernel: [    0.000000]   DMA32 zone: 782303 pages, LIFO batch:31
2020-02-14T08:33:29+00:00 juju kernel: [    0.000000]   Normal zone: 53248 pages used for memmap
2020-02-14T08:33:29+00:00 juju kernel: [    0.000000]   Normal zone: 3407872 pages, LIFO batch:31
2020-02-14T08:33:29+00:00 juju kernel: [    0.000000] ACPI: PM-Timer IO Port: 0x608
2020-02-14T08:33:29+00:00 juju kernel: [    0.000000] ACPI: Local APIC address 0xfee00000
2020-02-14T08:33:29+00:00 juju kernel: [    0.000000] ACPI: LAPIC_NMI (acpi_id[0xff] dfl dfl lint[0x1])
2020-02-14T08:33:29+00:00 juju kernel: [    0.000000] IOAPIC[0]: apic_id 0, version 17, address 0xfec00000, GSI 0-23
2020-02-14T08:33:29+00:00 juju kernel: [    0.000000] ACPI: INT_SRC_OVR (bus 0 bus_irq 0 global_irq 2 dfl dfl)
2020-02-14T08:33:29+00:00 juju kernel: [    0.000000] ACPI: INT_SRC_OVR (bus 0 bus_irq 5 global_irq 5 high level)
2020-02-14T08:33:29+00:00 juju kernel: [    0.000000] ACPI: INT_SRC_OVR (bus 0 bus_irq 9 global_irq 9 high level)
2020-02-14T08:33:29+00:00 juju kernel: [    0.000000] ACPI: INT_SRC_OVR (bus 0 bus_irq 10 global_irq 10 high level)
2020-02-14T08:33:29+00:00 juju kernel: [    0.000000] ACPI: INT_SRC_OVR (bus 0 bus_irq 11 global_irq 11 high level)
2020-02-14T08:33:29+00:00 juju kernel: [    0.000000] ACPI: IRQ0 used by override.
2020-02-14T08:33:29+00:00 juju kernel: [    0.000000] ACPI: IRQ5 used by override.
2020-02-14T08:33:29+00:00 juju kernel: [    0.000000] ACPI: IRQ9 used by override.
2020-02-14T08:33:29+00:00 juju kernel: [    0.000000] ACPI: IRQ10 used by override.
2020-02-14T08:33:29+00:00 juju kernel: [    0.000000] ACPI: IRQ11 used by override.
2020-02-14T08:33:29+00:00 juju kernel: [    0.000000] Using ACPI (MADT) for SMP configuration information
2020-02-14T08:33:29+00:00 juju kernel: [    0.000000] smpboot: Allowing 4 CPUs, 0 hotplug CPUs
2020-02-14T08:33:29+00:00 juju kernel: [    0.000000] PM: Registered nosave memory: [mem 0x00000000-0x00000fff]
2020-02-14T08:33:29+00:00 juju kernel: [    0.000000] PM: Registered nosave memory: [mem 0x0009f000-0x0009ffff]
2020-02-14T08:33:29+00:00 juju kernel: [    0.000000] PM: Registered nosave memory: [mem 0x000a0000-0x000effff]
2020-02-14T08:33:29+00:00 juju kernel: [    0.000000] PM: Registered nosave memory: [mem 0x000f0000-0x000fffff]
2020-02-14T08:33:29+00:00 juju kernel: [    0.000000] PM: Registered nosave memory: [mem 0xbffdf000-0xbfffffff]
2020-02-14T08:33:29+00:00 juju kernel: [    0.000000] PM: Registered nosave memory: [mem 0xc0000000-0xfeffbfff]
2020-02-14T08:33:29+00:00 juju kernel: [    0.000000] PM: Registered nosave memory: [mem 0xfeffc000-0xfeffffff]
2020-02-14T08:33:29+00:00 juju kernel: [    0.000000] PM: Registered nosave memory: [mem 0xff000000-0xfffbffff]
2020-02-14T08:33:29+00:00 juju kernel: [    0.000000] PM: Registered nosave memory: [mem 0xfffc0000-0xffffffff]
2020-02-14T08:33:29+00:00 juju kernel: [    0.000000] e820: [mem 0xc0000000-0xfeffbfff] available for PCI devices
2020-02-14T08:33:29+00:00 juju kernel: [    0.000000] Booting paravirtualized kernel on KVM
2020-02-14T08:33:29+00:00 juju kernel: [    0.000000] clocksource: refined-jiffies: mask: 0xffffffff max_cycles: 0xffffffff, max_idle_ns: 7645519600211568 ns
2020-02-14T08:33:29+00:00 juju kernel: [    0.000000] random: get_random_bytes called from start_kernel+0x99/0x4fd with crng_init=0
2020-02-14T08:33:29+00:00 juju kernel: [    0.000000] setup_percpu: NR_CPUS:8192 nr_cpumask_bits:4 nr_cpu_ids:4 nr_node_ids:1
2020-02-14T08:33:29+00:00 juju kernel: [    0.000000] percpu: Embedded 45 pages/cpu s147456 r8192 d28672 u524288
2020-02-14T08:33:29+00:00 juju kernel: [    0.000000] pcpu-alloc: s147456 r8192 d28672 u524288 alloc=1*2097152
2020-02-14T08:33:29+00:00 juju kernel: [    0.000000] pcpu-alloc: [0] 0 1 2 3 
2020-02-14T08:33:29+00:00 juju kernel: [    0.000000] KVM setup async PF for cpu 0
2020-02-14T08:33:29+00:00 juju kernel: [    0.000000] kvm-stealtime: cpu 0, msr 43fc23040
2020-02-14T08:33:29+00:00 juju kernel: [    0.000000] Built 1 zonelists, mobility grouping on.  Total pages: 4128613
2020-02-14T08:33:29+00:00 juju kernel: [    0.000000] Policy zone: Normal
2020-02-14T08:33:29+00:00 juju kernel: [    0.000000] Kernel command line: nomodeset ro root=squash:http://192.168.11.2:5248/images/ubuntu/amd64/ga-18.04/bionic/daily/squashfs ip=::::juju:BOOTIF ip6=off overlayroot=tmpfs overlayroot_cfgdisk=disabled cc:{'datasource_list': ['MAAS']}end_cc cloud-config-url=http://192-168-11-0--24.maas-internal:5248/MAAS/metadata/latest/by-id/tehqa4/?op=get_preseed apparmor=0 log_host=192.168.11.2 log_port=5247 BOOTIF=01-52:54:00:d5:6a:0f
2020-02-14T08:33:29+00:00 juju kernel: [    0.000000] Calgary: detecting Calgary via BIOS EBDA area
2020-02-14T08:33:29+00:00 juju kernel: [    0.000000] Calgary: Unable to locate Rio Grande table in EBDA - bailing!
2020-02-14T08:33:29+00:00 juju kernel: [    0.000000] Memory: 16358464K/16776692K available (12300K kernel code, 2481K rwdata, 4260K rodata, 2428K init, 2704K bss, 418228K reserved, 0K cma-reserved)
2020-02-14T08:33:29+00:00 juju kernel: [    0.000000] SLUB: HWalign=64, Order=0-3, MinObjects=0, CPUs=4, Nodes=1
2020-02-14T08:33:29+00:00 juju kernel: [    0.000000] Kernel/User page tables isolation: enabled
2020-02-14T08:33:29+00:00 juju kernel: [    0.000000] ftrace: allocating 39322 entries in 154 pages
2020-02-14T08:33:29+00:00 juju kernel: [    0.004000] Hierarchical RCU implementation.
2020-02-14T08:33:29+00:00 juju kernel: [    0.004000] #011RCU restricting CPUs from NR_CPUS=8192 to nr_cpu_ids=4.
2020-02-14T08:33:29+00:00 juju kernel: [    0.004000] #011Tasks RCU enabled.
2020-02-14T08:33:29+00:00 juju kernel: [    0.004000] RCU: Adjusting geometry for rcu_fanout_leaf=16, nr_cpu_ids=4
2020-02-14T08:33:29+00:00 juju kernel: [    0.004000] NR_IRQS: 524544, nr_irqs: 456, preallocated irqs: 16
2020-02-14T08:33:29+00:00 juju kernel: [    0.004000] Console: colour VGA+ 80x25
2020-02-14T08:33:29+00:00 juju kernel: [    0.004000] console [tty0] enabled
2020-02-14T08:33:29+00:00 juju kernel: [    0.004000] ACPI: Core revision 20170831
2020-02-14T08:33:29+00:00 juju kernel: [    0.004000] ACPI: 1 ACPI AML tables successfully acquired and loaded
2020-02-14T08:33:29+00:00 juju kernel: [    0.004000] APIC: Switch to symmetric I/O mode setup
2020-02-14T08:33:29+00:00 juju kernel: [    0.004000] x2apic enabled
2020-02-14T08:33:29+00:00 juju kernel: [    0.004000] Switched APIC routing to physical x2apic.
2020-02-14T08:33:29+00:00 juju kernel: [    0.004000] tsc: Detected 2499.938 MHz processor
2020-02-14T08:33:29+00:00 juju kernel: [    0.004000] Calibrating delay loop (skipped) preset value.. 4999.87 BogoMIPS (lpj=9999752)
2020-02-14T08:33:29+00:00 juju kernel: [    0.004000] pid_max: default: 32768 minimum: 301
2020-02-14T08:33:29+00:00 juju kernel: [    0.004000] Security Framework initialized
2020-02-14T08:33:29+00:00 juju kernel: [    0.004000] Yama: becoming mindful.
2020-02-14T08:33:29+00:00 juju kernel: [    0.004000] AppArmor: AppArmor disabled by boot time parameter
2020-02-14T08:33:29+00:00 juju kernel: [    0.004000] Dentry cache hash table entries: 2097152 (order: 12, 16777216 bytes)
2020-02-14T08:33:29+00:00 juju kernel: [    0.004000] Inode-cache hash table entries: 1048576 (order: 11, 8388608 bytes)
2020-02-14T08:33:29+00:00 juju kernel: [    0.004000] Mount-cache hash table entries: 32768 (order: 6, 262144 bytes)
2020-02-14T08:33:29+00:00 juju kernel: [    0.004000] Mountpoint-cache hash table entries: 32768 (order: 6, 262144 bytes)
2020-02-14T08:33:29+00:00 juju kernel: [    0.004000] Last level iTLB entries: 4KB 0, 2MB 0, 4MB 0
2020-02-14T08:33:29+00:00 juju kernel: [    0.004000] Last level dTLB entries: 4KB 0, 2MB 0, 4MB 0, 1GB 0
2020-02-14T08:33:29+00:00 juju kernel: [    0.004000] Spectre V1 : Mitigation: usercopy/swapgs barriers and __user pointer sanitization
2020-02-14T08:33:29+00:00 juju kernel: [    0.004000] Spectre V2 : Mitigation: Full generic retpoline
2020-02-14T08:33:29+00:00 juju kernel: [    0.004000] Spectre V2 : Spectre v2 / SpectreRSB mitigation: Filling RSB on context switch
2020-02-14T08:33:29+00:00 juju kernel: [    0.004000] Spectre V2 : Enabling Restricted Speculation for firmware calls
2020-02-14T08:33:29+00:00 juju kernel: [    0.004000] Spectre V2 : mitigation: Enabling conditional Indirect Branch Prediction Barrier
2020-02-14T08:33:29+00:00 juju kernel: [    0.004000] Speculative Store Bypass: Vulnerable
2020-02-14T08:33:29+00:00 juju kernel: [    0.004000] MDS: Vulnerable: Clear CPU buffers attempted, no microcode
2020-02-14T08:33:29+00:00 juju kernel: [    0.004000] Freeing SMP alternatives memory: 36K
2020-02-14T08:33:29+00:00 juju kernel: [    0.004000] TSC deadline timer enabled
2020-02-14T08:33:29+00:00 juju kernel: [    0.004000] smpboot: CPU0: Intel Xeon E312xx (Sandy Bridge, IBRS update) (family: 0x6, model: 0x2a, stepping: 0x1)
2020-02-14T08:33:29+00:00 juju kernel: [    0.004000] Performance Events: unsupported p6 CPU model 42 no PMU driver, software events only.
2020-02-14T08:33:29+00:00 juju kernel: [    0.004000] Hierarchical SRCU implementation.
2020-02-14T08:33:29+00:00 juju kernel: [    0.004245] NMI watchdog: Perf event create on CPU 0 failed with -2
2020-02-14T08:33:29+00:00 juju kernel: [    0.004990] NMI watchdog: Perf NMI watchdog permanently disabled
2020-02-14T08:33:29+00:00 juju kernel: [    0.005847] smp: Bringing up secondary CPUs ...
2020-02-14T08:33:29+00:00 juju kernel: [    0.006714] x86: Booting SMP configuration:
2020-02-14T08:33:29+00:00 juju kernel: [    0.007155] .... node  #0, CPUs:      #1
2020-02-14T08:33:29+00:00 juju kernel: [    0.004000] kvm-clock: cpu 1, msr 4:3ff48041, secondary cpu clock
2020-02-14T08:33:29+00:00 juju kernel: [    0.008059] KVM setup async PF for cpu 1
2020-02-14T08:33:29+00:00 juju kernel: [    0.011490] kvm-stealtime: cpu 1, msr 43fca3040
2020-02-14T08:33:29+00:00 juju kernel: [    0.012283]  #2
2020-02-14T08:33:29+00:00 juju kernel: [    0.004000] kvm-clock: cpu 2, msr 4:3ff48081, secondary cpu clock
2020-02-14T08:33:29+00:00 juju kernel: [    0.016029] KVM setup async PF for cpu 2
2020-02-14T08:33:29+00:00 juju kernel: [    0.017312] kvm-stealtime: cpu 2, msr 43fd23040
2020-02-14T08:33:29+00:00 juju kernel: [    0.017752]  #3
2020-02-14T08:33:29+00:00 juju kernel: [    0.004000] kvm-clock: cpu 3, msr 4:3ff480c1, secondary cpu clock
2020-02-14T08:33:29+00:00 juju kernel: [    0.020036] KVM setup async PF for cpu 3
2020-02-14T08:33:29+00:00 juju kernel: [    0.021907] kvm-stealtime: cpu 3, msr 43fda3040
2020-02-14T08:33:29+00:00 juju kernel: [    0.022554] smp: Brought up 1 node, 4 CPUs
2020-02-14T08:33:29+00:00 juju kernel: [    0.022554] smpboot: Max logical packages: 4
2020-02-14T08:33:29+00:00 juju kernel: [    0.022554] smpboot: Total of 4 processors activated (19999.50 BogoMIPS)
2020-02-14T08:33:29+00:00 juju kernel: [    0.024948] devtmpfs: initialized
2020-02-14T08:33:29+00:00 juju kernel: [    0.024948] x86/mm: Memory block size: 128MB
2020-02-14T08:33:29+00:00 juju kernel: [    0.028127] evm: security.selinux
2020-02-14T08:33:29+00:00 juju kernel: [    0.030592] evm: security.SMACK64
2020-02-14T08:33:29+00:00 juju kernel: [    0.030971] evm: security.SMACK64EXEC
2020-02-14T08:33:29+00:00 juju kernel: [    0.031364] evm: security.SMACK64TRANSMUTE
2020-02-14T08:33:29+00:00 juju kernel: [    0.031787] evm: security.SMACK64MMAP
2020-02-14T08:33:29+00:00 juju kernel: [    0.032006] evm: security.apparmor
2020-02-14T08:33:29+00:00 juju kernel: [    0.032388] evm: security.ima
2020-02-14T08:33:29+00:00 juju kernel: [    0.032770] evm: security.capability
2020-02-14T08:33:29+00:00 juju kernel: [    0.033220] clocksource: jiffies: mask: 0xffffffff max_cycles: 0xffffffff, max_idle_ns: 7645041785100000 ns
2020-02-14T08:33:29+00:00 juju kernel: [    0.033220] futex hash table entries: 1024 (order: 4, 65536 bytes)
2020-02-14T08:33:29+00:00 juju kernel: [    0.033887] pinctrl core: initialized pinctrl subsystem
2020-02-14T08:33:29+00:00 juju kernel: [    0.036239] RTC time:  8:33:02, date: 02/14/20
2020-02-14T08:33:29+00:00 juju kernel: [    0.038702] NET: Registered protocol family 16
2020-02-14T08:33:29+00:00 juju kernel: [    0.039540] audit: initializing netlink subsys (disabled)
2020-02-14T08:33:29+00:00 juju kernel: [    0.040062] audit: type=2000 audit(1581669183.494:1): state=initialized audit_enabled=0 res=1
2020-02-14T08:33:29+00:00 juju kernel: [    0.040949] cpuidle: using governor ladder
2020-02-14T08:33:29+00:00 juju kernel: [    0.040949] cpuidle: using governor menu
2020-02-14T08:33:29+00:00 juju kernel: [    0.041743] ACPI: bus type PCI registered
2020-02-14T08:33:29+00:00 juju kernel: [    0.042263] acpiphp: ACPI Hot Plug PCI Controller Driver version: 0.5
2020-02-14T08:33:29+00:00 juju kernel: [    0.044251] PCI: Using configuration type 1 for base access
2020-02-14T08:33:29+00:00 juju kernel: [    0.048019] HugeTLB registered 2.00 MiB page size, pre-allocated 0 pages
2020-02-14T08:33:29+00:00 juju kernel: [    0.048675] ACPI: Added _OSI(Module Device)
2020-02-14T08:33:29+00:00 juju kernel: [    0.048675] ACPI: Added _OSI(Processor Device)
2020-02-14T08:33:29+00:00 juju kernel: [    0.049020] ACPI: Added _OSI(3.0 _SCP Extensions)
2020-02-14T08:33:29+00:00 juju kernel: [    0.049472] ACPI: Added _OSI(Processor Aggregator Device)
2020-02-14T08:33:29+00:00 juju kernel: [    0.049955] ACPI: Added _OSI(Linux-Dell-Video)
2020-02-14T08:33:29+00:00 juju kernel: [    0.050403] ACPI: Added _OSI(Linux-Lenovo-NV-HDMI-Audio)
2020-02-14T08:33:29+00:00 juju kernel: [    0.050877] ACPI: Added _OSI(Linux-HPI-Hybrid-Graphics)
2020-02-14T08:33:29+00:00 juju kernel: [    0.054167] ACPI: Interpreter enabled
2020-02-14T08:33:29+00:00 juju kernel: [    0.054591] ACPI: (supports S0 S5)
2020-02-14T08:33:29+00:00 juju kernel: [    0.054983] ACPI: Using IOAPIC for interrupt routing
2020-02-14T08:33:29+00:00 juju kernel: [    0.055456] PCI: Using host bridge windows from ACPI; if necessary, use "pci=nocrs" and report a bug
2020-02-14T08:33:29+00:00 juju kernel: [    0.056219] ACPI: Enabled 2 GPEs in block 00 to 0F
2020-02-14T08:33:29+00:00 juju kernel: [    0.060887] ACPI: PCI Root Bridge [PCI0] (domain 0000 [bus 00-ff])
2020-02-14T08:33:29+00:00 juju kernel: [    0.061437] acpi PNP0A03:00: _OSC: OS supports [ASPM ClockPM Segments MSI]
2020-02-14T08:33:29+00:00 juju kernel: [    0.062025] acpi PNP0A03:00: _OSC failed (AE_NOT_FOUND); disabling ASPM
2020-02-14T08:33:29+00:00 juju kernel: [    0.062610] acpi PNP0A03:00: fail to add MMCONFIG information, can't access extended PCI configuration space under this bridge.
2020-02-14T08:33:29+00:00 juju kernel: [    0.063921] acpiphp: Slot [3] registered
2020-02-14T08:33:29+00:00 juju kernel: [    0.064069] acpiphp: Slot [4] registered
2020-02-14T08:33:29+00:00 juju kernel: [    0.064559] acpiphp: Slot [6] registered
2020-02-14T08:33:29+00:00 juju kernel: [    0.065031] acpiphp: Slot [7] registered
2020-02-14T08:33:29+00:00 juju kernel: [    0.065507] acpiphp: Slot [8] registered
2020-02-14T08:33:29+00:00 juju kernel: [    0.065979] acpiphp: Slot [9] registered
2020-02-14T08:33:29+00:00 juju kernel: [    0.068105] acpiphp: Slot [10] registered
2020-02-14T08:33:29+00:00 juju kernel: [    0.068793] acpiphp: Slot [11] registered
2020-02-14T08:33:29+00:00 juju kernel: [    0.069486] acpiphp: Slot [12] registered
2020-02-14T08:33:29+00:00 juju kernel: [    0.070186] acpiphp: Slot [13] registered
2020-02-14T08:33:29+00:00 juju kernel: [    0.070870] acpiphp: Slot [14] registered
2020-02-14T08:33:29+00:00 juju kernel: [    0.071569] acpiphp: Slot [15] registered
2020-02-14T08:33:29+00:00 juju kernel: [    0.072105] acpiphp: Slot [16] registered
2020-02-14T08:33:29+00:00 juju kernel: [    0.072794] acpiphp: Slot [17] registered
2020-02-14T08:33:29+00:00 juju kernel: [    0.073478] acpiphp: Slot [18] registered
2020-02-14T08:33:29+00:00 juju kernel: [    0.074185] acpiphp: Slot [19] registered
2020-02-14T08:33:29+00:00 juju kernel: [    0.074874] acpiphp: Slot [20] registered
2020-02-14T08:33:29+00:00 juju kernel: [    0.075559] acpiphp: Slot [21] registered
2020-02-14T08:33:29+00:00 juju kernel: [    0.076105] acpiphp: Slot [22] registered
2020-02-14T08:33:29+00:00 juju kernel: [    0.076812] acpiphp: Slot [23] registered
2020-02-14T08:33:29+00:00 juju kernel: [    0.077493] acpiphp: Slot [24] registered
2020-02-14T08:33:29+00:00 juju kernel: [    0.078169] acpiphp: Slot [25] registered
2020-02-14T08:33:29+00:00 juju kernel: [    0.078730] acpiphp: Slot [26] registered
2020-02-14T08:33:29+00:00 juju kernel: [    0.079225] acpiphp: Slot [27] registered
2020-02-14T08:33:29+00:00 juju kernel: [    0.079720] acpiphp: Slot [28] registered
2020-02-14T08:33:29+00:00 juju kernel: [    0.080067] acpiphp: Slot [29] registered
2020-02-14T08:33:29+00:00 juju kernel: [    0.080553] acpiphp: Slot [30] registered
2020-02-14T08:33:29+00:00 juju kernel: [    0.081021] acpiphp: Slot [31] registered
2020-02-14T08:33:29+00:00 juju kernel: [    0.081461] PCI host bridge to bus 0000:00
2020-02-14T08:33:29+00:00 juju kernel: [    0.081886] pci_bus 0000:00: root bus resource [io  0x0000-0x0cf7 window]
2020-02-14T08:33:29+00:00 juju kernel: [    0.082442] pci_bus 0000:00: root bus resource [io  0x0d00-0xffff window]
2020-02-14T08:33:29+00:00 juju kernel: [    0.083003] pci_bus 0000:00: root bus resource [mem 0x000a0000-0x000bffff window]
2020-02-14T08:33:29+00:00 juju kernel: [    0.083674] pci_bus 0000:00: root bus resource [mem 0xc0000000-0xfebfffff window]
2020-02-14T08:33:29+00:00 juju kernel: [    0.084007] pci_bus 0000:00: root bus resource [mem 0x440000000-0x4bfffffff window]
2020-02-14T08:33:29+00:00 juju kernel: [    0.084689] pci_bus 0000:00: root bus resource [bus 00-ff]
2020-02-14T08:33:29+00:00 juju kernel: [    0.085251] pci 0000:00:00.0: [8086:1237] type 00 class 0x060000
2020-02-14T08:33:29+00:00 juju kernel: [    0.086048] pci 0000:00:01.0: [8086:7000] type 00 class 0x060100
2020-02-14T08:33:29+00:00 juju kernel: [    0.087078] pci 0000:00:01.1: [8086:7010] type 00 class 0x010180
2020-02-14T08:33:29+00:00 juju kernel: [    0.090191] pci 0000:00:01.1: reg 0x20: [io  0xc1e0-0xc1ef]
2020-02-14T08:33:29+00:00 juju kernel: [    0.091666] pci 0000:00:01.1: legacy IDE quirk: reg 0x10: [io  0x01f0-0x01f7]
2020-02-14T08:33:29+00:00 juju kernel: [    0.092010] pci 0000:00:01.1: legacy IDE quirk: reg 0x14: [io  0x03f6]
2020-02-14T08:33:29+00:00 juju kernel: [    0.092545] pci 0000:00:01.1: legacy IDE quirk: reg 0x18: [io  0x0170-0x0177]
2020-02-14T08:33:29+00:00 juju kernel: [    0.093100] pci 0000:00:01.1: legacy IDE quirk: reg 0x1c: [io  0x0376]
2020-02-14T08:33:29+00:00 juju kernel: [    0.093932] pci 0000:00:01.3: [8086:7113] type 00 class 0x068000
2020-02-14T08:33:29+00:00 juju kernel: [    0.096222] pci 0000:00:01.3: quirk: [io  0x0600-0x063f] claimed by PIIX4 ACPI
2020-02-14T08:33:29+00:00 juju kernel: [    0.097172] pci 0000:00:01.3: quirk: [io  0x0700-0x070f] claimed by PIIX4 SMB
2020-02-14T08:33:29+00:00 juju kernel: [    0.098531] pci 0000:00:02.0: [1b36:0100] type 00 class 0x030000
2020-02-14T08:33:29+00:00 juju kernel: [    0.101854] pci 0000:00:02.0: reg 0x10: [mem 0xf4000000-0xf7ffffff]
2020-02-14T08:33:29+00:00 juju kernel: [    0.104049] pci 0000:00:02.0: reg 0x14: [mem 0xf8000000-0xfbffffff]
2020-02-14T08:33:29+00:00 juju kernel: [    0.107614] pci 0000:00:02.0: reg 0x18: [mem 0xfc094000-0xfc095fff]
2020-02-14T08:33:29+00:00 juju kernel: [    0.110423] pci 0000:00:02.0: reg 0x1c: [io  0xc140-0xc15f]
2020-02-14T08:33:29+00:00 juju kernel: [    0.117838] pci 0000:00:02.0: reg 0x30: [mem 0xfc080000-0xfc08ffff pref]
2020-02-14T08:33:29+00:00 juju kernel: [    0.119608] pci 0000:00:03.0: [10ec:8139] type 00 class 0x020000
2020-02-14T08:33:29+00:00 juju kernel: [    0.120533] pci 0000:00:03.0: reg 0x10: [io  0xc000-0xc0ff]
2020-02-14T08:33:29+00:00 juju kernel: [    0.124009] pci 0000:00:03.0: reg 0x14: [mem 0xfc096000-0xfc0960ff]
2020-02-14T08:33:29+00:00 juju kernel: [    0.128009] pci 0000:00:03.0: reg 0x30: [mem 0xfc000000-0xfc07ffff pref]
2020-02-14T08:33:29+00:00 juju kernel: [    0.128384] pci 0000:00:04.0: [8086:2668] type 00 class 0x040300
2020-02-14T08:33:29+00:00 juju kernel: [    0.130500] pci 0000:00:04.0: reg 0x10: [mem 0xfc090000-0xfc093fff]
2020-02-14T08:33:29+00:00 juju kernel: [    0.133744] pci 0000:00:05.0: [8086:2934] type 00 class 0x0c0300
2020-02-14T08:33:29+00:00 juju kernel: [    0.136009] pci 0000:00:05.0: reg 0x20: [io  0xc160-0xc17f]
2020-02-14T08:33:29+00:00 juju kernel: [    0.137235] pci 0000:00:05.1: [8086:2935] type 00 class 0x0c0300
2020-02-14T08:33:29+00:00 juju kernel: [    0.142005] pci 0000:00:05.1: reg 0x20: [io  0xc180-0xc19f]
2020-02-14T08:33:29+00:00 juju kernel: [    0.143304] pci 0000:00:05.2: [8086:2936] type 00 class 0x0c0300
2020-02-14T08:33:29+00:00 juju kernel: [    0.145633] pci 0000:00:05.2: reg 0x20: [io  0xc1a0-0xc1bf]
2020-02-14T08:33:29+00:00 juju kernel: [    0.146952] pci 0000:00:05.7: [8086:293a] type 00 class 0x0c0320
2020-02-14T08:33:29+00:00 juju kernel: [    0.147558] pci 0000:00:05.7: reg 0x10: [mem 0xfc097000-0xfc097fff]
2020-02-14T08:33:29+00:00 juju kernel: [    0.150583] pci 0000:00:06.0: [1af4:1003] type 00 class 0x078000
2020-02-14T08:33:29+00:00 juju kernel: [    0.152008] pci 0000:00:06.0: reg 0x10: [io  0xc100-0xc13f]
2020-02-14T08:33:29+00:00 juju kernel: [    0.155068] pci 0000:00:06.0: reg 0x14: [mem 0xfc098000-0xfc098fff]
2020-02-14T08:33:29+00:00 juju kernel: [    0.158349] pci 0000:00:06.0: reg 0x20: [mem 0xfebf8000-0xfebfbfff 64bit pref]
2020-02-14T08:33:29+00:00 juju kernel: [    0.160504] pci 0000:00:07.0: [1af4:1002] type 00 class 0x00ff00
2020-02-14T08:33:29+00:00 juju kernel: [    0.161516] pci 0000:00:07.0: reg 0x10: [io  0xc1c0-0xc1df]
2020-02-14T08:33:29+00:00 juju kernel: [    0.167362] pci 0000:00:07.0: reg 0x20: [mem 0xfebfc000-0xfebfffff 64bit pref]
2020-02-14T08:33:29+00:00 juju kernel: [    0.169920] ACPI: PCI Interrupt Link [LNKA] (IRQs 5 *10 11)
2020-02-14T08:33:29+00:00 juju kernel: [    0.170672] ACPI: PCI Interrupt Link [LNKB] (IRQs 5 *10 11)
2020-02-14T08:33:29+00:00 juju kernel: [    0.171327] ACPI: PCI Interrupt Link [LNKC] (IRQs 5 10 *11)
2020-02-14T08:33:29+00:00 juju kernel: [    0.171990] ACPI: PCI Interrupt Link [LNKD] (IRQs 5 10 *11)
2020-02-14T08:33:29+00:00 juju kernel: [    0.172097] ACPI: PCI Interrupt Link [LNKS] (IRQs *9)
2020-02-14T08:33:29+00:00 juju kernel: [    0.173576] SCSI subsystem initialized
2020-02-14T08:33:29+00:00 juju kernel: [    0.174146] libata version 3.00 loaded.
2020-02-14T08:33:29+00:00 juju kernel: [    0.174146] pci 0000:00:02.0: vgaarb: setting as boot VGA device
2020-02-14T08:33:29+00:00 juju kernel: [    0.174146] pci 0000:00:02.0: vgaarb: VGA device added: decodes=io+mem,owns=io+mem,locks=none
2020-02-14T08:33:29+00:00 juju kernel: [    0.176020] pci 0000:00:02.0: vgaarb: bridge control possible
2020-02-14T08:33:29+00:00 juju kernel: [    0.176521] vgaarb: loaded
2020-02-14T08:33:29+00:00 juju kernel: [    0.176908] ACPI: bus type USB registered
2020-02-14T08:33:29+00:00 juju kernel: [    0.177342] usbcore: registered new interface driver usbfs
2020-02-14T08:33:29+00:00 juju kernel: [    0.177838] usbcore: registered new interface driver hub
2020-02-14T08:33:29+00:00 juju kernel: [    0.178350] usbcore: registered new device driver usb
2020-02-14T08:33:29+00:00 juju kernel: [    0.178932] EDAC MC: Ver: 3.0.0
2020-02-14T08:33:29+00:00 juju kernel: [    0.180312] PCI: Using ACPI for IRQ routing
2020-02-14T08:33:29+00:00 juju kernel: [    0.180561] PCI: pci_cache_line_size set to 64 bytes
2020-02-14T08:33:29+00:00 juju kernel: [    0.180944] e820: reserve RAM buffer [mem 0x0009fc00-0x0009ffff]
2020-02-14T08:33:29+00:00 juju kernel: [    0.180948] e820: reserve RAM buffer [mem 0xbffdf000-0xbfffffff]
2020-02-14T08:33:29+00:00 juju kernel: [    0.181210] NetLabel: Initializing
2020-02-14T08:33:29+00:00 juju kernel: [    0.181598] NetLabel:  domain hash size = 128
2020-02-14T08:33:29+00:00 juju kernel: [    0.182023] NetLabel:  protocols = UNLABELED CIPSOv4 CALIPSO
2020-02-14T08:33:29+00:00 juju kernel: [    0.182528] NetLabel:  unlabeled traffic allowed by default
2020-02-14T08:33:29+00:00 juju kernel: [    0.184886] clocksource: Switched to clocksource kvm-clock
2020-02-14T08:33:29+00:00 juju kernel: [    0.198219] VFS: Disk quotas dquot_6.6.0
2020-02-14T08:33:29+00:00 juju kernel: [    0.198695] VFS: Dquot-cache hash table entries: 512 (order 0, 4096 bytes)
2020-02-14T08:33:29+00:00 juju kernel: [    0.199351] pnp: PnP ACPI init
2020-02-14T08:33:29+00:00 juju kernel: [    0.199830] pnp 00:00: Plug and Play ACPI device, IDs PNP0b00 (active)
2020-02-14T08:33:29+00:00 juju kernel: [    0.199887] pnp 00:01: Plug and Play ACPI device, IDs PNP0303 (active)
2020-02-14T08:33:29+00:00 juju kernel: [    0.199921] pnp 00:02: Plug and Play ACPI device, IDs PNP0f13 (active)
2020-02-14T08:33:29+00:00 juju kernel: [    0.199934] pnp 00:03: [dma 2]
2020-02-14T08:33:29+00:00 juju kernel: [    0.199966] pnp 00:03: Plug and Play ACPI device, IDs PNP0700 (active)
2020-02-14T08:33:29+00:00 juju kernel: [    0.200116] pnp 00:04: Plug and Play ACPI device, IDs PNP0501 (active)
2020-02-14T08:33:29+00:00 juju kernel: [    0.200449] pnp: PnP ACPI: found 5 devices
2020-02-14T08:33:29+00:00 juju kernel: [    0.211869] clocksource: acpi_pm: mask: 0xffffff max_cycles: 0xffffff, max_idle_ns: 2085701024 ns
2020-02-14T08:33:29+00:00 juju kernel: [    0.212681] pci_bus 0000:00: resource 4 [io  0x0000-0x0cf7 window]
2020-02-14T08:33:29+00:00 juju kernel: [    0.212683] pci_bus 0000:00: resource 5 [io  0x0d00-0xffff window]
2020-02-14T08:33:29+00:00 juju kernel: [    0.212684] pci_bus 0000:00: resource 6 [mem 0x000a0000-0x000bffff window]
2020-02-14T08:33:29+00:00 juju kernel: [    0.212686] pci_bus 0000:00: resource 7 [mem 0xc0000000-0xfebfffff window]
2020-02-14T08:33:29+00:00 juju kernel: [    0.212687] pci_bus 0000:00: resource 8 [mem 0x440000000-0x4bfffffff window]
2020-02-14T08:33:29+00:00 juju kernel: [    0.212776] NET: Registered protocol family 2
2020-02-14T08:33:29+00:00 juju kernel: [    0.213707] TCP established hash table entries: 131072 (order: 8, 1048576 bytes)
2020-02-14T08:33:29+00:00 juju kernel: [    0.215042] TCP bind hash table entries: 65536 (order: 8, 1048576 bytes)
2020-02-14T08:33:29+00:00 juju kernel: [    0.215699] TCP: Hash tables configured (established 131072 bind 65536)
2020-02-14T08:33:29+00:00 juju kernel: [    0.216312] UDP hash table entries: 8192 (order: 6, 262144 bytes)
2020-02-14T08:33:29+00:00 juju kernel: [    0.216869] UDP-Lite hash table entries: 8192 (order: 6, 262144 bytes)
2020-02-14T08:33:29+00:00 juju kernel: [    0.217498] NET: Registered protocol family 1
2020-02-14T08:33:29+00:00 juju kernel: [    0.217945] pci 0000:00:00.0: Limiting direct PCI/PCI transfers
2020-02-14T08:33:29+00:00 juju kernel: [    0.218471] pci 0000:00:01.0: PIIX3: Enabling Passive Release
2020-02-14T08:33:29+00:00 juju kernel: [    0.218995] pci 0000:00:01.0: Activating ISA DMA hang workarounds
2020-02-14T08:33:29+00:00 juju kernel: [    0.219600] pci 0000:00:02.0: Video device with shadowed ROM at [mem 0x000c0000-0x000dffff]
2020-02-14T08:33:29+00:00 juju kernel: [    0.250895] ACPI: PCI Interrupt Link [LNKA] enabled at IRQ 10
2020-02-14T08:33:29+00:00 juju kernel: [    0.312695] ACPI: PCI Interrupt Link [LNKB] enabled at IRQ 11
2020-02-14T08:33:29+00:00 juju kernel: [    0.374141] ACPI: PCI Interrupt Link [LNKC] enabled at IRQ 11
2020-02-14T08:33:29+00:00 juju kernel: [    0.435513] ACPI: PCI Interrupt Link [LNKD] enabled at IRQ 10
2020-02-14T08:33:29+00:00 juju kernel: [    0.466647] PCI: CLS 0 bytes, default 64
2020-02-14T08:33:29+00:00 juju kernel: [    0.466750] Unpacking initramfs...
2020-02-14T08:33:29+00:00 juju kernel: [    1.392455] Freeing initrd memory: 60260K
2020-02-14T08:33:29+00:00 juju kernel: [    1.392959] PCI-DMA: Using software bounce buffering for IO (SWIOTLB)
2020-02-14T08:33:29+00:00 juju kernel: [    1.393488] software IO TLB: mapped [mem 0xbbfdf000-0xbffdf000] (64MB)
2020-02-14T08:33:29+00:00 juju kernel: [    1.394160] clocksource: tsc: mask: 0xffffffffffffffff max_cycles: 0x2408ff4b15d, max_idle_ns: 440795312493 ns
2020-02-14T08:33:29+00:00 juju kernel: [    1.395006] Scanning for low memory corruption every 60 seconds
2020-02-14T08:33:29+00:00 juju kernel: [    1.396473] Initialise system trusted keyrings
2020-02-14T08:33:29+00:00 juju kernel: [    1.396958] Key type blacklist registered
2020-02-14T08:33:29+00:00 juju kernel: [    1.397530] workingset: timestamp_bits=36 max_order=22 bucket_order=0
2020-02-14T08:33:29+00:00 juju kernel: [    1.399370] zbud: loaded
2020-02-14T08:33:29+00:00 juju kernel: [    1.400458] squashfs: version 4.0 (2009/01/31) Phillip Lougher
2020-02-14T08:33:29+00:00 juju kernel: [    1.401258] fuse init (API version 7.26)
2020-02-14T08:33:29+00:00 juju kernel: [    1.405190] Key type asymmetric registered
2020-02-14T08:33:29+00:00 juju kernel: [    1.405613] Asymmetric key parser 'x509' registered
2020-02-14T08:33:29+00:00 juju kernel: [    1.406096] Block layer SCSI generic (bsg) driver version 0.4 loaded (major 246)
2020-02-14T08:33:29+00:00 juju kernel: [    1.406876] io scheduler noop registered
2020-02-14T08:33:29+00:00 juju kernel: [    1.407278] io scheduler deadline registered
2020-02-14T08:33:29+00:00 juju kernel: [    1.407737] io scheduler cfq registered (default)
2020-02-14T08:33:29+00:00 juju kernel: [    1.408594] intel_idle: Please enable MWAIT in BIOS SETUP
2020-02-14T08:33:29+00:00 juju kernel: [    1.408690] input: Power Button as /devices/LNXSYSTM:00/LNXPWRBN:00/input/input0
2020-02-14T08:33:29+00:00 juju kernel: [    1.409476] ACPI: Power Button [PWRF]
2020-02-14T08:33:29+00:00 juju kernel: [    1.475498] Serial: 8250/16550 driver, 32 ports, IRQ sharing enabled
2020-02-14T08:33:29+00:00 juju kernel: [    1.503047] 00:04: ttyS0 at I/O 0x3f8 (irq = 4, base_baud = 115200) is a 16550A
2020-02-14T08:33:29+00:00 juju kernel: [    1.559096] Linux agpgart interface v0.103
2020-02-14T08:33:29+00:00 juju kernel: [    1.563935] loop: module loaded
2020-02-14T08:33:29+00:00 juju kernel: [    1.564524] ata_piix 0000:00:01.1: version 2.13
2020-02-14T08:33:29+00:00 juju kernel: [    1.565663] scsi host0: ata_piix
2020-02-14T08:33:29+00:00 juju kernel: [    1.566237] scsi host1: ata_piix
2020-02-14T08:33:29+00:00 juju kernel: [    1.566656] ata1: PATA max MWDMA2 cmd 0x1f0 ctl 0x3f6 bmdma 0xc1e0 irq 14
2020-02-14T08:33:29+00:00 juju kernel: [    1.567225] ata2: PATA max MWDMA2 cmd 0x170 ctl 0x376 bmdma 0xc1e8 irq 15
2020-02-14T08:33:29+00:00 juju kernel: [    1.567902] libphy: Fixed MDIO Bus: probed
2020-02-14T08:33:29+00:00 juju kernel: [    1.568372] tun: Universal TUN/TAP device driver, 1.6
2020-02-14T08:33:29+00:00 juju kernel: [    1.568948] PPP generic driver version 2.4.2
2020-02-14T08:33:29+00:00 juju kernel: [    1.569549] ehci_hcd: USB 2.0 'Enhanced' Host Controller (EHCI) Driver
2020-02-14T08:33:29+00:00 juju kernel: [    1.570130] ehci-pci: EHCI PCI platform driver
2020-02-14T08:33:29+00:00 juju kernel: [    1.601375] ehci-pci 0000:00:05.7: EHCI Host Controller
2020-02-14T08:33:29+00:00 juju kernel: [    1.601891] ehci-pci 0000:00:05.7: new USB bus registered, assigned bus number 1
2020-02-14T08:33:29+00:00 juju kernel: [    1.602942] ehci-pci 0000:00:05.7: irq 10, io mem 0xfc097000
2020-02-14T08:33:29+00:00 juju kernel: [    1.616074] ehci-pci 0000:00:05.7: USB 2.0 started, EHCI 1.00
2020-02-14T08:33:29+00:00 juju kernel: [    1.616913] usb usb1: New USB device found, idVendor=1d6b, idProduct=0002
2020-02-14T08:33:29+00:00 juju kernel: [    1.617714] usb usb1: New USB device strings: Mfr=3, Product=2, SerialNumber=1
2020-02-14T08:33:29+00:00 juju kernel: [    1.618669] usb usb1: Product: EHCI Host Controller
2020-02-14T08:33:29+00:00 juju kernel: [    1.620801] usb usb1: Manufacturer: Linux 4.15.0-76-generic ehci_hcd
2020-02-14T08:33:29+00:00 juju kernel: [    1.621496] usb usb1: SerialNumber: 0000:00:05.7
2020-02-14T08:33:29+00:00 juju kernel: [    1.622305] hub 1-0:1.0: USB hub found
2020-02-14T08:33:29+00:00 juju kernel: [    1.622738] hub 1-0:1.0: 6 ports detected
2020-02-14T08:33:29+00:00 juju kernel: [    1.626335] ehci-platform: EHCI generic platform driver
2020-02-14T08:33:29+00:00 juju kernel: [    1.627040] ohci_hcd: USB 1.1 'Open' Host Controller (OHCI) Driver
2020-02-14T08:33:29+00:00 juju kernel: [    1.627800] ohci-pci: OHCI PCI platform driver
2020-02-14T08:33:29+00:00 juju kernel: [    1.628364] ohci-platform: OHCI generic platform driver
2020-02-14T08:33:29+00:00 juju kernel: [    1.628864] uhci_hcd: USB Universal Host Controller Interface driver
2020-02-14T08:33:29+00:00 juju kernel: [    1.660187] uhci_hcd 0000:00:05.0: UHCI Host Controller
2020-02-14T08:33:29+00:00 juju kernel: [    1.660692] uhci_hcd 0000:00:05.0: new USB bus registered, assigned bus number 2
2020-02-14T08:33:29+00:00 juju kernel: [    1.661413] uhci_hcd 0000:00:05.0: detected 2 ports
2020-02-14T08:33:29+00:00 juju kernel: [    1.661981] uhci_hcd 0000:00:05.0: irq 10, io base 0x0000c160
2020-02-14T08:33:29+00:00 juju kernel: [    1.662612] usb usb2: New USB device found, idVendor=1d6b, idProduct=0001
2020-02-14T08:33:29+00:00 juju kernel: [    1.663218] usb usb2: New USB device strings: Mfr=3, Product=2, SerialNumber=1
2020-02-14T08:33:29+00:00 juju kernel: [    1.663893] usb usb2: Product: UHCI Host Controller
2020-02-14T08:33:29+00:00 juju kernel: [    1.664404] usb usb2: Manufacturer: Linux 4.15.0-76-generic uhci_hcd
2020-02-14T08:33:29+00:00 juju kernel: [    1.664947] usb usb2: SerialNumber: 0000:00:05.0
2020-02-14T08:33:29+00:00 juju kernel: [    1.665793] hub 2-0:1.0: USB hub found
2020-02-14T08:33:29+00:00 juju kernel: [    1.666229] hub 2-0:1.0: 2 ports detected
2020-02-14T08:33:29+00:00 juju kernel: [    1.697662] uhci_hcd 0000:00:05.1: UHCI Host Controller
2020-02-14T08:33:29+00:00 juju kernel: [    1.698169] uhci_hcd 0000:00:05.1: new USB bus registered, assigned bus number 3
2020-02-14T08:33:29+00:00 juju kernel: [    1.698916] uhci_hcd 0000:00:05.1: detected 2 ports
2020-02-14T08:33:29+00:00 juju kernel: [    1.699488] uhci_hcd 0000:00:05.1: irq 11, io base 0x0000c180
2020-02-14T08:33:29+00:00 juju kernel: [    1.700146] usb usb3: New USB device found, idVendor=1d6b, idProduct=0001
2020-02-14T08:33:29+00:00 juju kernel: [    1.700753] usb usb3: New USB device strings: Mfr=3, Product=2, SerialNumber=1
2020-02-14T08:33:29+00:00 juju kernel: [    1.701429] usb usb3: Product: UHCI Host Controller
2020-02-14T08:33:29+00:00 juju kernel: [    1.701910] usb usb3: Manufacturer: Linux 4.15.0-76-generic uhci_hcd
2020-02-14T08:33:29+00:00 juju kernel: [    1.702451] usb usb3: SerialNumber: 0000:00:05.1
2020-02-14T08:33:29+00:00 juju kernel: [    1.703299] hub 3-0:1.0: USB hub found
2020-02-14T08:33:29+00:00 juju kernel: [    1.703732] hub 3-0:1.0: 2 ports detected
2020-02-14T08:33:29+00:00 juju kernel: [    1.728898] ata1.01: NODEV after polling detection
2020-02-14T08:33:29+00:00 juju kernel: [    1.729341] ata1.00: ATA-7: QEMU HARDDISK, 2.5+, max UDMA/100
2020-02-14T08:33:29+00:00 juju kernel: [    1.729897] ata1.00: 25165824 sectors, multi 16: LBA48 
2020-02-14T08:33:29+00:00 juju kernel: [    1.731098] ata1.00: configured for MWDMA2
2020-02-14T08:33:29+00:00 juju kernel: [    1.732399] scsi 0:0:0:0: Direct-Access     ATA      QEMU HARDDISK    2.5+ PQ: 0 ANSI: 5
2020-02-14T08:33:29+00:00 juju kernel: [    1.733465] sd 0:0:0:0: Attached scsi generic sg0 type 0
2020-02-14T08:33:29+00:00 juju kernel: [    1.733656] sd 0:0:0:0: [sda] 25165824 512-byte logical blocks: (12.9 GB/12.0 GiB)
2020-02-14T08:33:29+00:00 juju kernel: [    1.735181] uhci_hcd 0000:00:05.2: UHCI Host Controller
2020-02-14T08:33:29+00:00 juju kernel: [    1.735802] sd 0:0:0:0: [sda] Write Protect is off
2020-02-14T08:33:29+00:00 juju kernel: [    1.736275] uhci_hcd 0000:00:05.2: new USB bus registered, assigned bus number 4
2020-02-14T08:33:29+00:00 juju kernel: [    1.736311] uhci_hcd 0000:00:05.2: detected 2 ports
2020-02-14T08:33:29+00:00 juju kernel: [    1.737274] sd 0:0:0:0: [sda] Mode Sense: 00 3a 00 00
2020-02-14T08:33:29+00:00 juju kernel: [    1.738067] uhci_hcd 0000:00:05.2: irq 11, io base 0x0000c1a0
2020-02-14T08:33:29+00:00 juju kernel: [    1.739036] sd 0:0:0:0: [sda] Write cache: enabled, read cache: enabled, doesn't support DPO or FUA
2020-02-14T08:33:29+00:00 juju kernel: [    1.739604] usb usb4: New USB device found, idVendor=1d6b, idProduct=0001
2020-02-14T08:33:29+00:00 juju kernel: [    1.741778] usb usb4: New USB device strings: Mfr=3, Product=2, SerialNumber=1
2020-02-14T08:33:29+00:00 juju kernel: [    1.743558] usb usb4: Product: UHCI Host Controller
2020-02-14T08:33:29+00:00 juju kernel: [    1.744913] usb usb4: Manufacturer: Linux 4.15.0-76-generic uhci_hcd
2020-02-14T08:33:29+00:00 juju kernel: [    1.745047]  sda: sda1
2020-02-14T08:33:29+00:00 juju kernel: [    1.745454] usb usb4: SerialNumber: 0000:00:05.2
2020-02-14T08:33:29+00:00 juju kernel: [    1.746319] sd 0:0:0:0: [sda] Attached SCSI disk
2020-02-14T08:33:29+00:00 juju kernel: [    1.746549] hub 4-0:1.0: USB hub found
2020-02-14T08:33:29+00:00 juju kernel: [    1.747241] hub 4-0:1.0: 2 ports detected
2020-02-14T08:33:29+00:00 juju kernel: [    1.747906] i8042: PNP: PS/2 Controller [PNP0303:KBD,PNP0f13:MOU] at 0x60,0x64 irq 1,12
2020-02-14T08:33:29+00:00 juju kernel: [    1.750043] serio: i8042 KBD port at 0x60,0x64 irq 1
2020-02-14T08:33:29+00:00 juju kernel: [    1.750559] serio: i8042 AUX port at 0x60,0x64 irq 12
2020-02-14T08:33:29+00:00 juju kernel: [    1.751344] mousedev: PS/2 mouse device common for all mice
2020-02-14T08:33:29+00:00 juju kernel: [    1.752617] input: AT Translated Set 2 keyboard as /devices/platform/i8042/serio0/input/input1
2020-02-14T08:33:29+00:00 juju kernel: [    1.753665] rtc_cmos 00:00: RTC can wake from S4
2020-02-14T08:33:29+00:00 juju kernel: [    1.754783] rtc_cmos 00:00: rtc core: registered rtc_cmos as rtc0
2020-02-14T08:33:29+00:00 juju kernel: [    1.755484] rtc_cmos 00:00: alarms up to one day, y3k, 114 bytes nvram
2020-02-14T08:33:29+00:00 juju kernel: [    1.756103] i2c /dev entries driver
2020-02-14T08:33:29+00:00 juju kernel: [    1.756584] device-mapper: uevent: version 1.0.3
2020-02-14T08:33:29+00:00 juju kernel: [    1.757183] device-mapper: ioctl: 4.37.0-ioctl (2017-09-20) initialised: dm-devel@redhat.com
2020-02-14T08:33:29+00:00 juju kernel: [    1.758227] ledtrig-cpu: registered to indicate activity on CPUs
2020-02-14T08:33:29+00:00 juju kernel: [    1.760037] NET: Registered protocol family 10
2020-02-14T08:33:29+00:00 juju kernel: [    1.771505] Segment Routing with IPv6
2020-02-14T08:33:29+00:00 juju kernel: [    1.772201] NET: Registered protocol family 17
2020-02-14T08:33:29+00:00 juju kernel: [    1.773208] Key type dns_resolver registered
2020-02-14T08:33:29+00:00 juju kernel: [    1.777880] mce: Using 10 MCE banks
2020-02-14T08:33:29+00:00 juju kernel: [    1.778609] RAS: Correctable Errors collector initialized.
2020-02-14T08:33:29+00:00 juju kernel: [    1.779337] sched_clock: Marking stable (1777729494, 0)->(2236004245, -458274751)
2020-02-14T08:33:29+00:00 juju kernel: [    1.781620] registered taskstats version 1
2020-02-14T08:33:29+00:00 juju kernel: [    1.782275] Loading compiled-in X.509 certificates
2020-02-14T08:33:29+00:00 juju kernel: [    1.790449] Loaded X.509 cert 'Build time autogenerated kernel key: 665cd2b89e03521f57c41865f552ebce30a0c7fb'
2020-02-14T08:33:29+00:00 juju kernel: [    1.791731] zswap: loaded using pool lzo/zbud
2020-02-14T08:33:29+00:00 juju kernel: [    1.803297] Key type big_key registered
2020-02-14T08:33:29+00:00 juju kernel: [    1.804102] Key type trusted registered
2020-02-14T08:33:29+00:00 juju kernel: [    1.810189] Key type encrypted registered
2020-02-14T08:33:29+00:00 juju kernel: [    1.810953] ima: No TPM chip found, activating TPM-bypass! (rc=-19)
2020-02-14T08:33:29+00:00 juju kernel: [    1.811891] ima: Allocated hash algorithm: sha1
2020-02-14T08:33:29+00:00 juju kernel: [    1.812807] evm: HMAC attrs: 0x1
2020-02-14T08:33:29+00:00 juju kernel: [    1.814523]   Magic number: 8:901:573
2020-02-14T08:33:29+00:00 juju kernel: [    1.815504] rtc_cmos 00:00: setting system clock to 2020-02-14 08:33:04 UTC (1581669184)
2020-02-14T08:33:29+00:00 juju kernel: [    1.816789] BIOS EDD facility v0.16 2004-Jun-25, 0 devices found
2020-02-14T08:33:29+00:00 juju kernel: [    1.817473] EDD information not available.
2020-02-14T08:33:29+00:00 juju kernel: [    1.822255] Freeing unused kernel image memory: 2428K
2020-02-14T08:33:29+00:00 juju kernel: [    1.844171] Write protecting the kernel read-only data: 20480k
2020-02-14T08:33:29+00:00 juju kernel: [    1.848150] Freeing unused kernel image memory: 2008K
2020-02-14T08:33:29+00:00 juju kernel: [    1.849891] Freeing unused kernel image memory: 1884K
2020-02-14T08:33:29+00:00 juju kernel: [    1.860428] x86/mm: Checked W+X mappings: passed, no W+X pages found.
2020-02-14T08:33:29+00:00 juju kernel: [    1.861224] x86/mm: Checking user space page tables
2020-02-14T08:33:29+00:00 juju kernel: [    1.870421] x86/mm: Checked W+X mappings: passed, no W+X pages found.
2020-02-14T08:33:29+00:00 juju kernel: [    1.994560] piix4_smbus 0000:00:01.3: SMBus Host Controller at 0x700, revision 0
2020-02-14T08:33:29+00:00 juju kernel: [    2.001919] 8139cp: 8139cp: 10/100 PCI Ethernet driver v1.3 (Mar 22, 2004)
2020-02-14T08:33:29+00:00 juju kernel: [    2.021440] FDC 0 is a S82078B
2020-02-14T08:33:29+00:00 juju kernel: [    2.027790] AVX version of gcm_enc/dec engaged.
2020-02-14T08:33:29+00:00 juju kernel: [    2.028308] AES CTR mode by8 optimization enabled
2020-02-14T08:33:29+00:00 juju kernel: [    2.041627] 8139cp 0000:00:03.0 eth0: RTL-8139C+ at 0x        (ptrval), 52:54:00:d5:6a:0f, IRQ 11
2020-02-14T08:33:29+00:00 juju kernel: [    2.044529] 8139too: 8139too Fast Ethernet driver 0.9.28
2020-02-14T08:33:29+00:00 juju kernel: [    2.083544] 8139cp 0000:00:03.0 ens3: renamed from eth0
2020-02-14T08:33:29+00:00 juju kernel: [    3.081700] input: ImExPS/2 Generic Explorer Mouse as /devices/platform/i8042/serio1/input/input3
2020-02-14T08:33:29+00:00 juju kernel: [    3.800026] raid6: sse2x1   gen()  7057 MB/s
2020-02-14T08:33:29+00:00 juju kernel: [    3.848024] raid6: sse2x1   xor()  5025 MB/s
2020-02-14T08:33:29+00:00 juju kernel: [    3.896016] raid6: sse2x2   gen()  8597 MB/s
2020-02-14T08:33:29+00:00 juju kernel: [    3.944013] raid6: sse2x2   xor()  5838 MB/s
2020-02-14T08:33:29+00:00 juju kernel: [    3.992014] raid6: sse2x4   gen() 10226 MB/s
2020-02-14T08:33:29+00:00 juju kernel: [    4.040017] raid6: sse2x4   xor()  6838 MB/s
2020-02-14T08:33:29+00:00 juju kernel: [    4.040473] raid6: using algorithm sse2x4 gen() 10226 MB/s
2020-02-14T08:33:29+00:00 juju kernel: [    4.040964] raid6: .... xor() 6838 MB/s, rmw enabled
2020-02-14T08:33:29+00:00 juju kernel: [    4.041430] raid6: using ssse3x2 recovery algorithm
2020-02-14T08:33:29+00:00 juju kernel: [    4.044686] xor: automatically using best checksumming function   avx       
2020-02-14T08:33:29+00:00 juju kernel: [    4.049278] async_tx: api initialized (async)
2020-02-14T08:33:29+00:00 juju kernel: [    4.154591] 8139cp 0000:00:03.0 ens3: link up, 100Mbps, full-duplex, lpa 0x05E1
2020-02-14T08:33:29+00:00 juju kernel: [   14.320840] random: fast init done
2020-02-14T08:33:29+00:00 juju kernel: [   16.658833] random: systemd-udevd: uninitialized urandom read (16 bytes read)
2020-02-14T08:33:29+00:00 juju kernel: [   16.659518] random: systemd-udevd: uninitialized urandom read (16 bytes read)
2020-02-14T08:33:29+00:00 juju kernel: [   16.660181] random: systemd-udevd: uninitialized urandom read (16 bytes read)
2020-02-14T08:33:29+00:00 juju kernel: [   16.726099] Btrfs loaded, crc32c=crc32c-intel
2020-02-14T08:33:29+00:00 juju kernel: [   17.488077] systemd[1]: Failed to insert module 'autofs4': No such file or directory
2020-02-14T08:33:29+00:00 juju kernel: [   17.503103] systemd[1]: systemd 237 running in system mode. (+PAM +AUDIT +SELINUX +IMA +APPARMOR +SMACK +SYSVINIT +UTMP +LIBCRYPTSETUP +GCRYPT +GNUTLS +ACL +XZ +LZ4 +SECCOMP +BLKID +ELFUTILS +KMOD -IDN2 +IDN -PCRE2 default-hierarchy=hybrid)
2020-02-14T08:33:29+00:00 juju kernel: [   17.504825] systemd[1]: Detected virtualization kvm.
2020-02-14T08:33:29+00:00 juju kernel: [   17.505311] systemd[1]: Detected architecture x86-64.
2020-02-14T08:33:29+00:00 juju kernel: [   17.525677] systemd[1]: Set hostname to <ubuntu>.
2020-02-14T08:33:29+00:00 juju kernel: [   17.529275] systemd[1]: Initializing machine ID from KVM UUID.
2020-02-14T08:33:29+00:00 juju kernel: [   17.529863] systemd[1]: Installed transient /etc/machine-id file.
2020-02-14T08:33:29+00:00 juju kernel: [   18.145478] systemd[1]: media-root\x2dro.mount: Found ordering cycle on -.mount/start
2020-02-14T08:33:29+00:00 juju kernel: [   18.149264] systemd[1]: media-root\x2dro.mount: Found dependency on media-root\x2dro.mount/start
2020-02-14T08:33:29+00:00 juju kernel: [   18.150039] systemd[1]: media-root\x2dro.mount: Unable to break cycle starting with media-root\x2dro.mount/start
2020-02-14T08:33:29+00:00 juju kernel: [   18.150886] systemd[1]: Requested transaction contains an unfixable cyclic ordering dependency: Resource deadlock avoided
2020-02-14T08:33:29+00:00 juju kernel: [   18.250839] Loading iSCSI transport class v2.0-870.
2020-02-14T08:33:29+00:00 juju kernel: [   18.267314] iscsi: registered transport (tcp)
2020-02-14T08:33:29+00:00 juju kernel: [   18.337560] iscsi: registered transport (iser)
2020-02-14T08:33:29+00:00 juju kernel: [   18.348998] systemd-journald[459]: Received request to flush runtime journal from PID 1
2020-02-14T08:33:29+00:00 juju kernel: [   27.228278] new mount options do not match the existing superblock, will be ignored
2020-02-14T08:33:29+00:00 juju systemd[1]: Starting Authorization Manager...
2020-02-14T08:33:30+00:00 juju polkitd[956]: started daemon version 0.105 using authority implementation `local' version `0.105'
2020-02-14T08:33:30+00:00 juju dbus-daemon[850]: [system] Successfully activated service 'org.freedesktop.PolicyKit1'
2020-02-14T08:33:30+00:00 juju systemd[1]: Started Authorization Manager.
2020-02-14T08:33:30+00:00 juju accounts-daemon[873]: started daemon version 0.6.45
2020-02-14T08:33:30+00:00 juju systemd[1]: Started Accounts Service.
2020-02-14T08:33:30+00:00 juju pollinate[902]: client sent challenge to [https://entropy.ubuntu.com/]
2020-02-14T08:33:30+00:00 juju networkd-dispatcher[911]: No valid path found for iwconfig
2020-02-14T08:33:30+00:00 juju networkd-dispatcher[911]: No valid path found for iw
2020-02-14T08:33:30+00:00 juju systemd[1]: Started Dispatcher daemon for systemd-networkd.
2020-02-14T08:33:31+00:00 juju snapd[917]: AppArmor status: apparmor not enabled
2020-02-14T08:33:31+00:00 juju snapd[917]: daemon.go:346: started snapd/2.42.1+18.04 (series 16; classic; devmode) ubuntu/18.04 (amd64) linux/4.15.0-76-generic.
2020-02-14T08:33:31+00:00 juju snapd[917]: daemon.go:439: adjusting startup timeout by 30s (pessimistic estimate of 30s plus 5s per snap)
2020-02-14T08:33:31+00:00 juju systemd[1]: Started LXD - container startup/shutdown.
2020-02-14T08:33:31+00:00 juju snapd[917]: helpers.go:104: error trying to compare the snap system key: system-key missing on disk
2020-02-14T08:33:31+00:00 juju systemd[1]: Started Snappy daemon.
2020-02-14T08:33:31+00:00 juju systemd[1]: Starting Wait until snapd is fully seeded...
2020-02-14T08:33:32+00:00 juju pollinate[902]: client verified challenge/response with [https://entropy.ubuntu.com/]
2020-02-14T08:33:32+00:00 juju pollinate[902]: client hashed response from [https://entropy.ubuntu.com/]
2020-02-14T08:33:32+00:00 juju pollinate[902]: client successfully seeded [/dev/urandom]
2020-02-14T08:33:32+00:00 juju systemd[1]: Started Pollinate to seed the pseudo random number generator.
2020-02-14T08:33:32+00:00 juju systemd[1]: Starting OpenBSD Secure Shell server...
2020-02-14T08:33:32+00:00 juju sshd[1135]: Server listening on 0.0.0.0 port 22.
2020-02-14T08:33:32+00:00 juju sshd[1135]: Server listening on :: port 22.
2020-02-14T08:33:32+00:00 juju systemd[1]: Started OpenBSD Secure Shell server.
2020-02-14T08:33:33+00:00 juju systemd[1]: Started Wait until snapd is fully seeded.
2020-02-14T08:33:33+00:00 juju systemd[1]: Starting Apply the settings specified in cloud-config...
2020-02-14T08:33:33+00:00 juju systemd[1]: Reached target Multi-User System.
2020-02-14T08:33:33+00:00 juju systemd[1]: Reached target Graphical Interface.
2020-02-14T08:33:33+00:00 juju systemd[1]: Starting Update UTMP about System Runlevel Changes...
2020-02-14T08:33:33+00:00 juju systemd[1]: Started Update UTMP about System Runlevel Changes.
2020-02-14T08:33:35+00:00 juju systemd[1]: Stopping Network Time Synchronization...
2020-02-14T08:33:35+00:00 juju systemd[1]: Stopped Network Time Synchronization.
2020-02-14T08:33:35+00:00 juju systemd[1]: Starting Network Time Synchronization...
2020-02-14T08:33:35+00:00 juju systemd[1]: Started Network Time Synchronization.
2020-02-14T08:33:36+00:00 juju systemd-timesyncd[1206]: Synchronized to time server 192.168.11.2:123 (192.168.11.2).
2020-02-14T08:33:36+00:00 juju cloud-init[1138]: Cloud-init v. 19.4-33-gbb4131a2-0ubuntu1~18.04.1 running 'modules:config' at Fri, 14 Feb 2020 08:33:34 +0000. Up 31.81 seconds.
2020-02-14T08:33:36+00:00 juju systemd[1]: Started Apply the settings specified in cloud-config.
2020-02-14T08:33:36+00:00 juju systemd[1]: Starting Execute cloud user/final scripts...
2020-02-14T08:33:37+00:00 juju snapd[917]: daemon.go:540: gracefully waiting for running hooks
2020-02-14T08:33:37+00:00 juju snapd[917]: daemon.go:542: done waiting for running hooks
2020-02-14T08:33:37+00:00 juju snapd[917]: daemon stop requested to wait for socket activation
2020-02-14T08:33:39+00:00 juju cloud-init[1230]: Hit:1 http://archive.ubuntu.com/ubuntu bionic InRelease
2020-02-14T08:33:39+00:00 juju cloud-init[1230]: Get:2 http://archive.ubuntu.com/ubuntu bionic-updates InRelease [88.7 kB]
2020-02-14T08:33:39+00:00 juju cloud-init[1230]: Get:3 http://archive.ubuntu.com/ubuntu bionic-security InRelease [88.7 kB]
2020-02-14T08:33:40+00:00 juju cloud-init[1230]: Get:4 http://archive.ubuntu.com/ubuntu bionic-backports InRelease [74.6 kB]
2020-02-14T08:33:40+00:00 juju cloud-init[1230]: Get:5 http://archive.ubuntu.com/ubuntu bionic/universe amd64 Packages [8570 kB]
2020-02-14T08:33:49+00:00 juju kernel: [   45.660742] random: crng init done
2020-02-14T08:33:49+00:00 juju kernel: [   45.660761] random: 7 urandom warning(s) missed due to ratelimiting
2020-02-14T08:34:24+00:00 juju cloud-init[1230]: Get:6 http://archive.ubuntu.com/ubuntu bionic/multiverse amd64 Packages [151 kB]
2020-02-14T08:34:25+00:00 juju cloud-init[1230]: Get:7 http://archive.ubuntu.com/ubuntu bionic-updates/main amd64 Packages [853 kB]
2020-02-14T08:34:29+00:00 juju cloud-init[1230]: Get:8 http://archive.ubuntu.com/ubuntu bionic-updates/universe amd64 Packages [1049 kB]
2020-02-14T08:34:34+00:00 juju cloud-init[1230]: Get:9 http://archive.ubuntu.com/ubuntu bionic-updates/multiverse amd64 Packages [9700 B]
2020-02-14T08:34:34+00:00 juju cloud-init[1230]: Get:10 http://archive.ubuntu.com/ubuntu bionic-updates/restricted amd64 Packages [30.2 kB]
2020-02-14T08:34:35+00:00 juju cloud-init[1230]: Get:11 http://archive.ubuntu.com/ubuntu bionic-security/main amd64 Packages [636 kB]
2020-02-14T08:34:38+00:00 juju cloud-init[1230]: Get:12 http://archive.ubuntu.com/ubuntu bionic-security/universe amd64 Packages [645 kB]
2020-02-14T08:34:42+00:00 juju cloud-init[1230]: Get:13 http://archive.ubuntu.com/ubuntu bionic-security/multiverse amd64 Packages [6340 B]
2020-02-14T08:34:42+00:00 juju cloud-init[1230]: Get:14 http://archive.ubuntu.com/ubuntu bionic-security/restricted amd64 Packages [21.2 kB]
2020-02-14T08:34:42+00:00 juju cloud-init[1230]: Get:15 http://archive.ubuntu.com/ubuntu bionic-backports/main amd64 Packages [2512 B]
2020-02-14T08:34:42+00:00 juju cloud-init[1230]: Get:16 http://archive.ubuntu.com/ubuntu bionic-backports/universe amd64 Packages [4028 B]
2020-02-14T08:34:42+00:00 juju cloud-init[1230]: Fetched 12.2 MB in 1min 4s (191 kB/s)
2020-02-14T08:34:44+00:00 juju cloud-init[1230]: Reading package lists...
2020-02-14T08:34:44+00:00 juju cloud-init[1230]: Reading package lists...
2020-02-14T08:34:44+00:00 juju cloud-init[1230]: Building dependency tree...
2020-02-14T08:34:44+00:00 juju cloud-init[1230]: Reading state information...
2020-02-14T08:34:44+00:00 juju cloud-init[1230]: The following package was automatically installed and is no longer required:
2020-02-14T08:34:44+00:00 juju cloud-init[1230]:   libfreetype6
2020-02-14T08:34:44+00:00 juju cloud-init[1230]: Use 'apt autoremove' to remove it.
2020-02-14T08:34:44+00:00 juju cloud-init[1230]: The following additional packages will be installed:
2020-02-14T08:34:44+00:00 juju cloud-init[1230]:   libnvpair1linux libuutil1linux libzfs2linux libzpool2linux
2020-02-14T08:34:44+00:00 juju cloud-init[1230]: Suggested packages:
2020-02-14T08:34:44+00:00 juju cloud-init[1230]:   nfs-kernel-server samba-common-bin zfs-initramfs | zfs-dracut zfs-modules
2020-02-14T08:34:44+00:00 juju cloud-init[1230]:   | zfs-dkms
2020-02-14T08:34:44+00:00 juju cloud-init[1230]: Recommended packages:
2020-02-14T08:34:44+00:00 juju cloud-init[1230]:   zfs-zed
2020-02-14T08:34:44+00:00 juju cloud-init[1230]: The following NEW packages will be installed:
2020-02-14T08:34:44+00:00 juju cloud-init[1230]:   libnvpair1linux libuutil1linux libzfs2linux libzpool2linux python3-pyudev
2020-02-14T08:34:44+00:00 juju cloud-init[1230]:   zfsutils-linux
2020-02-14T08:34:44+00:00 juju cloud-init[1230]: 0 upgraded, 6 newly installed, 0 to remove and 0 not upgraded.
2020-02-14T08:34:44+00:00 juju cloud-init[1230]: Need to get 1147 kB of archives.
2020-02-14T08:34:44+00:00 juju cloud-init[1230]: After this operation, 4236 kB of additional disk space will be used.
2020-02-14T08:34:44+00:00 juju cloud-init[1230]: Get:1 http://archive.ubuntu.com/ubuntu bionic/main amd64 python3-pyudev all 0.21.0-1 [36.7 kB]
2020-02-14T08:34:45+00:00 juju cloud-init[1230]: Get:2 http://archive.ubuntu.com/ubuntu bionic-updates/main amd64 libnvpair1linux amd64 0.7.5-1ubuntu16.7 [45.4 kB]
2020-02-14T08:34:45+00:00 juju cloud-init[1230]: Get:3 http://archive.ubuntu.com/ubuntu bionic-updates/main amd64 libuutil1linux amd64 0.7.5-1ubuntu16.7 [48.3 kB]
2020-02-14T08:34:45+00:00 juju cloud-init[1230]: Get:4 http://archive.ubuntu.com/ubuntu bionic-updates/main amd64 libzpool2linux amd64 0.7.5-1ubuntu16.7 [547 kB]
2020-02-14T08:34:49+00:00 juju cloud-init[1230]: Get:5 http://archive.ubuntu.com/ubuntu bionic-updates/main amd64 libzfs2linux amd64 0.7.5-1ubuntu16.7 [128 kB]
2020-02-14T08:34:50+00:00 juju cloud-init[1230]: Get:6 http://archive.ubuntu.com/ubuntu bionic-updates/main amd64 zfsutils-linux amd64 0.7.5-1ubuntu16.7 [342 kB]
2020-02-14T08:34:52+00:00 juju cloud-init[1230]: Fetched 1147 kB in 7s (156 kB/s)
2020-02-14T08:34:52+00:00 juju cloud-init[1230]: Selecting previously unselected package python3-pyudev.
2020-02-14T08:34:53+00:00 juju cloud-init[1230]: (Reading database ... #015(Reading database ... 5%#015(Reading database ... 10%#015(Reading database ... 15%#015(Reading database ... 20%#015(Reading database ... 25%#015(Reading database ... 30%#015(Reading database ... 35%#015(Reading database ... 40%#015(Reading database ... 45%#015(Reading database ... 50%#015(Reading database ... 55%#015(Reading database ... 60%#015(Reading database ... 65%#015(Reading database ... 70%#015(Reading database ... 75%#015(Reading database ... 80%#015(Reading database ... 85%#015(Reading database ... 90%#015(Reading database ... 95%#015(Reading database ... 100%#015(Reading database ... 28654 files and directories currently installed.)
2020-02-14T08:34:53+00:00 juju cloud-init[1230]: Preparing to unpack .../0-python3-pyudev_0.21.0-1_all.deb ...
2020-02-14T08:34:53+00:00 juju cloud-init[1230]: Unpacking python3-pyudev (0.21.0-1) ...
2020-02-14T08:34:53+00:00 juju cloud-init[1230]: Selecting previously unselected package libnvpair1linux.
2020-02-14T08:34:53+00:00 juju cloud-init[1230]: Preparing to unpack .../1-libnvpair1linux_0.7.5-1ubuntu16.7_amd64.deb ...
2020-02-14T08:34:53+00:00 juju cloud-init[1230]: Unpacking libnvpair1linux (0.7.5-1ubuntu16.7) ...
2020-02-14T08:34:53+00:00 juju cloud-init[1230]: Selecting previously unselected package libuutil1linux.
2020-02-14T08:34:53+00:00 juju cloud-init[1230]: Preparing to unpack .../2-libuutil1linux_0.7.5-1ubuntu16.7_amd64.deb ...
2020-02-14T08:34:53+00:00 juju cloud-init[1230]: Unpacking libuutil1linux (0.7.5-1ubuntu16.7) ...
2020-02-14T08:34:53+00:00 juju cloud-init[1230]: Selecting previously unselected package libzpool2linux.
2020-02-14T08:34:53+00:00 juju cloud-init[1230]: Preparing to unpack .../3-libzpool2linux_0.7.5-1ubuntu16.7_amd64.deb ...
2020-02-14T08:34:53+00:00 juju cloud-init[1230]: Unpacking libzpool2linux (0.7.5-1ubuntu16.7) ...
2020-02-14T08:34:54+00:00 juju cloud-init[1230]: Selecting previously unselected package libzfs2linux.
2020-02-14T08:34:54+00:00 juju cloud-init[1230]: Preparing to unpack .../4-libzfs2linux_0.7.5-1ubuntu16.7_amd64.deb ...
2020-02-14T08:34:54+00:00 juju cloud-init[1230]: Unpacking libzfs2linux (0.7.5-1ubuntu16.7) ...
2020-02-14T08:34:54+00:00 juju cloud-init[1230]: Selecting previously unselected package zfsutils-linux.
2020-02-14T08:34:54+00:00 juju cloud-init[1230]: Preparing to unpack .../5-zfsutils-linux_0.7.5-1ubuntu16.7_amd64.deb ...
2020-02-14T08:34:54+00:00 juju cloud-init[1230]: Unpacking zfsutils-linux (0.7.5-1ubuntu16.7) ...
2020-02-14T08:34:54+00:00 juju cloud-init[1230]: Setting up libuutil1linux (0.7.5-1ubuntu16.7) ...
2020-02-14T08:34:54+00:00 juju cloud-init[1230]: Setting up python3-pyudev (0.21.0-1) ...
2020-02-14T08:34:54+00:00 juju cloud-init[1230]: Setting up libnvpair1linux (0.7.5-1ubuntu16.7) ...
2020-02-14T08:34:54+00:00 juju cloud-init[1230]: Setting up libzpool2linux (0.7.5-1ubuntu16.7) ...
2020-02-14T08:34:54+00:00 juju cloud-init[1230]: Setting up libzfs2linux (0.7.5-1ubuntu16.7) ...
2020-02-14T08:34:54+00:00 juju cloud-init[1230]: Setting up zfsutils-linux (0.7.5-1ubuntu16.7) ...
2020-02-14T08:34:54+00:00 juju systemd[1]: Reloading.
2020-02-14T08:34:54+00:00 juju cloud-init[1230]: Created symlink /etc/systemd/system/zfs-import.target.wants/zfs-import-cache.service  /lib/systemd/system/zfs-import-cache.service.
2020-02-14T08:34:55+00:00 juju systemd[1]: Reloading.
2020-02-14T08:34:55+00:00 juju systemd[1]: Reloading.
2020-02-14T08:34:55+00:00 juju cloud-init[1230]: Created symlink /etc/systemd/system/zfs-mount.service.wants/zfs-import.target  /lib/systemd/system/zfs-import.target.
2020-02-14T08:34:55+00:00 juju cloud-init[1230]: Created symlink /etc/systemd/system/zfs.target.wants/zfs-import.target  /lib/systemd/system/zfs-import.target.
2020-02-14T08:34:56+00:00 juju systemd[1]: Reloading.
2020-02-14T08:34:56+00:00 juju cloud-init[1230]: Created symlink /etc/systemd/system/zfs-mount.service.wants/zfs-load-module.service  /lib/systemd/system/zfs-load-module.service.
2020-02-14T08:34:56+00:00 juju cloud-init[1230]: Created symlink /etc/systemd/system/zfs.target.wants/zfs-load-module.service  /lib/systemd/system/zfs-load-module.service.
2020-02-14T08:34:56+00:00 juju systemd[1]: Reloading.
2020-02-14T08:34:56+00:00 juju cloud-init[1230]: Created symlink /etc/systemd/system/zfs-share.service.wants/zfs-mount.service  /lib/systemd/system/zfs-mount.service.
2020-02-14T08:34:56+00:00 juju cloud-init[1230]: Created symlink /etc/systemd/system/zfs.target.wants/zfs-mount.service  /lib/systemd/system/zfs-mount.service.
2020-02-14T08:34:56+00:00 juju cloud-init[1230]: Created symlink /etc/systemd/system/zfs.target.wants/zfs-share.service  /lib/systemd/system/zfs-share.service.
2020-02-14T08:34:56+00:00 juju systemd[1]: Reloading.
2020-02-14T08:34:57+00:00 juju systemd[1]: Reloading.
2020-02-14T08:34:57+00:00 juju cloud-init[1230]: Created symlink /etc/systemd/system/multi-user.target.wants/zfs.target  /lib/systemd/system/zfs.target.
2020-02-14T08:34:57+00:00 juju systemd[1]: Reloading.
2020-02-14T08:34:57+00:00 juju cloud-init[1230]: zfs-import-scan.service is a disabled or a static unit, not starting it.
2020-02-14T08:34:57+00:00 juju systemd[1]: Starting udev Wait for Complete Device Initialization...
2020-02-14T08:34:57+00:00 juju systemd[1]: Started udev Wait for Complete Device Initialization.
2020-02-14T08:34:57+00:00 juju systemd[1]: Starting Install ZFS kernel module...
2020-02-14T08:34:57+00:00 juju kernel: [  114.246329] spl: loading out-of-tree module taints kernel.
2020-02-14T08:34:57+00:00 juju kernel: [  114.251254] SPL: Loaded module v0.7.5-1ubuntu2
2020-02-14T08:34:57+00:00 juju kernel: [  114.254117] znvpair: module license 'CDDL' taints kernel.
2020-02-14T08:34:57+00:00 juju kernel: [  114.254120] Disabling lock debugging due to kernel taint
2020-02-14T08:34:59+00:00 juju systemd[1]: Started Install ZFS kernel module.
2020-02-14T08:34:59+00:00 juju kernel: [  115.906488] ZFS: Loaded module v0.7.5-1ubuntu16.7, ZFS pool version 5000, ZFS filesystem version 5
2020-02-14T08:34:59+00:00 juju systemd[1]: Reached target ZFS pool import target.
2020-02-14T08:34:59+00:00 juju systemd[1]: Starting Mount ZFS filesystems...
2020-02-14T08:34:59+00:00 juju systemd[1]: Started Mount ZFS filesystems.
2020-02-14T08:34:59+00:00 juju systemd[1]: Starting ZFS file system shares...
2020-02-14T08:34:59+00:00 juju systemd[1]: Started ZFS file system shares.
2020-02-14T08:34:59+00:00 juju systemd[1]: Reached target ZFS startup target.
2020-02-14T08:34:59+00:00 juju cloud-init[1230]: Processing triggers for man-db (2.8.3-2ubuntu0.1) ...
2020-02-14T08:35:00+00:00 juju cloud-init[1230]: Processing triggers for libc-bin (2.27-3ubuntu1) ...
2020-02-14T08:35:02+00:00 juju cloud-init[1230]: start: cmd-install: curtin command install
2020-02-14T08:35:02+00:00 juju cloud-init[1230]: unknown type for url 'cp:///media/root-ro', assuming type 'tgz'
2020-02-14T08:35:02+00:00 juju cloud-init[1230]: curtin: Installation started. (19.1-7-g37a7a0f4-0ubuntu1~18.04.1)
2020-02-14T08:35:02+00:00 juju cloud-init[1230]: LANG=C.UTF-8
